[    2099ms] [INFO] Slow network is detected. See https://www.chromestatus.com/feature/5636954674692096 for more details. Fallback font will be used while loading: https://installera2.realization.com/conweb/Include/Fonts/OpenSans/mem8YaGs126MiZpBA-UFVZ0b.woff2 @ https://installera2.realization.com/conweb/:140
[    2104ms] [INFO] Slow network is detected. See https://www.chromestatus.com/feature/5636954674692096 for more details. Fallback font will be used while loading: https://installera2.realization.com/conweb/Include/Fonts/OpenSans/mem5YaGs126MiZpBA-UN7rgOUuhp.woff2 @ https://installera2.realization.com/conweb/:140
[   45473ms] [INFO] Slow network is detected. See https://www.chromestatus.com/feature/5636954674692096 for more details. Fallback font will be used while loading: https://installera2.realization.com/conweb/Include/Fonts/OpenSans/mem5YaGs126MiZpBA-UNirkOUuhp.woff2 @ https://installera2.realization.com/conweb/succeed.aspx:182
[   79380ms] [LOG] Logs dumped from all screens:  Map(4) @ https://installera2.realization.com/conweb/WebApplication/webApp/bundle.js:1
[   79698ms] [LOG] Logs saved successfully @ https://installera2.realization.com/conweb/WebApplication/webApp/bundle.js:1
[  117706ms] [LOG] O @ https://installera2.realization.com/ConWeb/ProjectManagement/GnattView/Gantt/static/js/main.49adaff3.js:1
[  119197ms] [LOG] 200 @ https://installera2.realization.com/ConWeb/ProjectManagement/GnattView/Gantt/static/js/main.49adaff3.js:1
[  119213ms] [WARNING] Operation logs not saved: missing userID {projectID: -1, userID: undefined} @ https://installera2.realization.com/ConWeb/ProjectManagement/GnattView/Gantt/static/js/main.49adaff3.js:1
[  119215ms] [LOG] O @ https://installera2.realization.com/ConWeb/ProjectManagement/GnattView/Gantt/static/js/main.49adaff3.js:1
[  119224ms] [LOG] O @ https://installera2.realization.com/ConWeb/ProjectManagement/GnattView/Gantt/static/js/main.49adaff3.js:1
[  120974ms] [LOG] 200 @ https://installera2.realization.com/ConWeb/ProjectManagement/GnattView/Gantt/static/js/main.49adaff3.js:1
[  120975ms] [LOG] loading filter api loading... {Data: Object, Errors: Array(0), LogInfo: null, Metrics: Object, ReturnTypeCode: 1} @ https://installera2.realization.com/ConWeb/ProjectManagement/GnattView/Gantt/static/js/main.49adaff3.js:1
[  121308ms] [LOG] 200 @ https://installera2.realization.com/ConWeb/ProjectManagement/GnattView/Gantt/static/js/main.49adaff3.js:1
[  121990ms] [LOG] 200 @ https://installera2.realization.com/ConWeb/ProjectManagement/GnattView/Gantt/static/js/main.49adaff3.js:1
[  121999ms] [LOG] Setting invalid tasks with old props {} @ https://installera2.realization.com/ConWeb/ProjectManagement/GnattView/Gantt/static/js/main.49adaff3.js:1
[  129038ms] [LOG] O @ https://installera2.realization.com/ConWeb/ProjectManagement/GnattView/Gantt/static/js/main.49adaff3.js:1
[  130210ms] [LOG] 200 @ https://installera2.realization.com/ConWeb/ProjectManagement/GnattView/Gantt/static/js/main.49adaff3.js:1
[  130217ms] [WARNING] Operation logs not saved: missing userID {projectID: -1, userID: undefined} @ https://installera2.realization.com/ConWeb/ProjectManagement/GnattView/Gantt/static/js/main.49adaff3.js:1
[  130219ms] [LOG] O @ https://installera2.realization.com/ConWeb/ProjectManagement/GnattView/Gantt/static/js/main.49adaff3.js:1
[  130225ms] [LOG] O @ https://installera2.realization.com/ConWeb/ProjectManagement/GnattView/Gantt/static/js/main.49adaff3.js:1
[  131479ms] [LOG] 200 @ https://installera2.realization.com/ConWeb/ProjectManagement/GnattView/Gantt/static/js/main.49adaff3.js:1
[  131480ms] [LOG] loading filter api loading... {Data: Object, Errors: Array(0), LogInfo: null, Metrics: Object, ReturnTypeCode: 1} @ https://installera2.realization.com/ConWeb/ProjectManagement/GnattView/Gantt/static/js/main.49adaff3.js:1
[  131801ms] [LOG] 200 @ https://installera2.realization.com/ConWeb/ProjectManagement/GnattView/Gantt/static/js/main.49adaff3.js:1
[  132480ms] [LOG] 200 @ https://installera2.realization.com/ConWeb/ProjectManagement/GnattView/Gantt/static/js/main.49adaff3.js:1
[  132487ms] [LOG] Setting invalid tasks with old props {} @ https://installera2.realization.com/ConWeb/ProjectManagement/GnattView/Gantt/static/js/main.49adaff3.js:1
[  139236ms] [LOG] 200 @ https://installera2.realization.com/ConWeb/ProjectManagement/GnattView/Gantt/static/js/main.49adaff3.js:1
[  139625ms] [LOG] Setting invalid tasks with old props {} @ https://installera2.realization.com/ConWeb/ProjectManagement/GnattView/Gantt/static/js/main.49adaff3.js:1
[  139627ms] [LOG] checkoutProjectFromServer {Data: Object, Errors: Array(0), LogInfo: null, Metrics: Object, ReturnTypeCode: 1} @ https://installera2.realization.com/ConWeb/ProjectManagement/GnattView/Gantt/static/js/main.49adaff3.js:1
[  139628ms] [LOG] End of calling checkoutproject project API: 17:05:06 @ https://installera2.realization.com/ConWeb/ProjectManagement/GnattView/Gantt/static/js/main.49adaff3.js:1
[  141630ms] [WARNING] Deprecation warning: use moment.updateLocale(localeName, config) to change an existing locale. moment.defineLocale(localeName, config) should only be used for creating a new locale See http://momentjs.com/guides/#/warnings/define-locale/ for more info. @ https://installera2.realization.com/ConWeb/ProjectManagement/GnattView/Gantt/static/js/main.49adaff3.js:1
[  144009ms] [LOG] 200 @ https://installera2.realization.com/ConWeb/ProjectManagement/GnattView/Gantt/static/js/main.49adaff3.js:1
[  144020ms] [LOG] Division Name in Load SPI Project  @ https://installera2.realization.com/ConWeb/ProjectManagement/GnattView/Gantt/static/js/main.49adaff3.js:1
[  144020ms] [LOG] Time to convert from SPI DS to Gantt DS: 0 @ https://installera2.realization.com/ConWeb/ProjectManagement/GnattView/Gantt/static/js/main.49adaff3.js:1
[  144414ms] [LOG] 200 @ https://installera2.realization.com/ConWeb/ProjectManagement/GnattView/Gantt/static/js/main.49adaff3.js:1
[  167154ms] [LOG] FullkitHeader search rendered @ https://installera2.realization.com/conweb/WebApplication/webApp/3395.6723859a.js:1
[  167157ms] [LOG] FullkitHeader pagination rendered @ https://installera2.realization.com/conweb/WebApplication/webApp/3395.6723859a.js:1
[  167158ms] [LOG] FullkitHeader delay summary rendered @ https://installera2.realization.com/conweb/WebApplication/webApp/3395.6723859a.js:1
[  167160ms] [LOG] FullkitTableReport rendered {lastResize: undefined} @ https://installera2.realization.com/conweb/WebApplication/webApp/3395.6723859a.js:1
[  167183ms] [LOG] FullkitHeader search rendered @ https://installera2.realization.com/conweb/WebApplication/webApp/3395.6723859a.js:1
[  167183ms] [LOG] FullkitHeader pagination rendered @ https://installera2.realization.com/conweb/WebApplication/webApp/3395.6723859a.js:1
[  167183ms] [LOG] FullkitHeader delay summary rendered @ https://installera2.realization.com/conweb/WebApplication/webApp/3395.6723859a.js:1
[  167191ms] [LOG] FullkitHeader search rendered @ https://installera2.realization.com/conweb/WebApplication/webApp/3395.6723859a.js:1
[  167192ms] [LOG] FullkitHeader pagination rendered @ https://installera2.realization.com/conweb/WebApplication/webApp/3395.6723859a.js:1
[  167192ms] [LOG] FullkitHeader delay summary rendered @ https://installera2.realization.com/conweb/WebApplication/webApp/3395.6723859a.js:1
[  167193ms] [LOG] FullkitTableReport rendered {lastResize: 1790163334539} @ https://installera2.realization.com/conweb/WebApplication/webApp/3395.6723859a.js:1
[  167279ms] [LOG] FullkitHeader pagination rendered @ https://installera2.realization.com/conweb/WebApplication/webApp/3395.6723859a.js:1
[  167504ms] [LOG] FullkitHeader search rendered @ https://installera2.realization.com/conweb/WebApplication/webApp/3395.6723859a.js:1
[  167504ms] [LOG] FullkitHeader pagination rendered @ https://installera2.realization.com/conweb/WebApplication/webApp/3395.6723859a.js:1
[  167504ms] [LOG] FullkitHeader delay summary rendered @ https://installera2.realization.com/conweb/WebApplication/webApp/3395.6723859a.js:1
[  168314ms] [LOG] FullkitHeader search rendered @ https://installera2.realization.com/conweb/WebApplication/webApp/3395.6723859a.js:1
[  168314ms] [LOG] FullkitHeader pagination rendered @ https://installera2.realization.com/conweb/WebApplication/webApp/3395.6723859a.js:1
[  168314ms] [LOG] FullkitHeader delay summary rendered @ https://installera2.realization.com/conweb/WebApplication/webApp/3395.6723859a.js:1
[  168318ms] [LOG] FullkitHeader search rendered @ https://installera2.realization.com/conweb/WebApplication/webApp/3395.6723859a.js:1
[  168318ms] [LOG] FullkitHeader pagination rendered @ https://installera2.realization.com/conweb/WebApplication/webApp/3395.6723859a.js:1
[  168318ms] [LOG] FullkitHeader delay summary rendered @ https://installera2.realization.com/conweb/WebApplication/webApp/3395.6723859a.js:1
[  168321ms] [LOG] FullkitHeader search rendered @ https://installera2.realization.com/conweb/WebApplication/webApp/3395.6723859a.js:1
[  168321ms] [LOG] FullkitHeader pagination rendered @ https://installera2.realization.com/conweb/WebApplication/webApp/3395.6723859a.js:1
[  168321ms] [LOG] FullkitHeader delay summary rendered @ https://installera2.realization.com/conweb/WebApplication/webApp/3395.6723859a.js:1
[  168330ms] [LOG] FullkitHeader search rendered @ https://installera2.realization.com/conweb/WebApplication/webApp/3395.6723859a.js:1
[  168330ms] [LOG] FullkitHeader pagination rendered @ https://installera2.realization.com/conweb/WebApplication/webApp/3395.6723859a.js:1
[  168331ms] [LOG] FullkitHeader delay summary rendered @ https://installera2.realization.com/conweb/WebApplication/webApp/3395.6723859a.js:1
[  168516ms] [LOG] FullkitHeader search rendered @ https://installera2.realization.com/conweb/WebApplication/webApp/3395.6723859a.js:1
[  169184ms] [LOG] FullkitHeader search rendered @ https://installera2.realization.com/conweb/WebApplication/webApp/3395.6723859a.js:1
[  169184ms] [LOG] FullkitHeader pagination rendered @ https://installera2.realization.com/conweb/WebApplication/webApp/3395.6723859a.js:1
[  169185ms] [LOG] FullkitHeader delay summary rendered @ https://installera2.realization.com/conweb/WebApplication/webApp/3395.6723859a.js:1
[  169188ms] [LOG] taskIdVsRowNumberMap after fetchTaskListSuccess: {669: 1, 267504: 0, 510570: 8, 517674: 6, 541330: 7, 543404: 9, 562349: 16, 613289: 13, 626718: 20, 645820: 27, 651522: 10, 712690: 4, 824977: 25, 830166: 19, 861329: 24, 874514: 26, 988225: 5, 1012263: 12, 1385790: 18, 1387455: 21, 1422643: 14, 1424338: 11, 1431088: 15, 1436175: 17, 1444660: 22, 1653981: 23, 2505141: 2, 3722363: 28, 3727824: 29, 11058691: 3} @ https://installera2.realization.com/conweb/WebApplication/webApp/bundle.js:1
[  169191ms] [LOG] FullkitHeader search rendered @ https://installera2.realization.com/conweb/WebApplication/webApp/3395.6723859a.js:1
[  169192ms] [LOG] FullkitHeader pagination rendered @ https://installera2.realization.com/conweb/WebApplication/webApp/3395.6723859a.js:1
[  169192ms] [LOG] FullkitHeader delay summary rendered @ https://installera2.realization.com/conweb/WebApplication/webApp/3395.6723859a.js:1
[  169195ms] [LOG] FullkitHeader delay summary rendered @ https://installera2.realization.com/conweb/WebApplication/webApp/3395.6723859a.js:1
[  169198ms] [LOG] FullkitHeader search rendered @ https://installera2.realization.com/conweb/WebApplication/webApp/3395.6723859a.js:1
[  169198ms] [LOG] FullkitHeader pagination rendered @ https://installera2.realization.com/conweb/WebApplication/webApp/3395.6723859a.js:1
[  169198ms] [LOG] FullkitHeader delay summary rendered @ https://installera2.realization.com/conweb/WebApplication/webApp/3395.6723859a.js:1
[  169274ms] [LOG] Table hooks initialized with context @ https://installera2.realization.com/conweb/WebApplication/webApp/3395.6723859a.js:1
[  169277ms] [LOG] FullkitHeader search rendered @ https://installera2.realization.com/conweb/WebApplication/webApp/3395.6723859a.js:1
[  169278ms] [LOG] shouldComponentUpdate called @ https://installera2.realization.com/conweb/WebApplication/webApp/3395.6723859a.js:1
[  169366ms] [LOG] FullkitHeader pagination rendered @ https://installera2.realization.com/conweb/WebApplication/webApp/3395.6723859a.js:1
[  169524ms] [LOG] FullkitHeader search rendered @ https://installera2.realization.com/conweb/WebApplication/webApp/3395.6723859a.js:1
[  169524ms] [LOG] FullkitHeader pagination rendered @ https://installera2.realization.com/conweb/WebApplication/webApp/3395.6723859a.js:1
[  169525ms] [LOG] FullkitHeader delay summary rendered @ https://installera2.realization.com/conweb/WebApplication/webApp/3395.6723859a.js:1
[  169525ms] [LOG] shouldComponentUpdate called @ https://installera2.realization.com/conweb/WebApplication/webApp/3395.6723859a.js:1
[  169528ms] [LOG] shouldComponentUpdate called @ https://installera2.realization.com/conweb/WebApplication/webApp/3395.6723859a.js:1
[  170008ms] [LOG] FullkitHeader delay summary rendered @ https://installera2.realization.com/conweb/WebApplication/webApp/3395.6723859a.js:1
[  170010ms] [LOG] shouldComponentUpdate called @ https://installera2.realization.com/conweb/WebApplication/webApp/3395.6723859a.js:1
[  171251ms] [LOG] FullkitHeader search rendered @ https://installera2.realization.com/conweb/WebApplication/webApp/3395.6723859a.js:1
[  171252ms] [LOG] FullkitHeader pagination rendered @ https://installera2.realization.com/conweb/WebApplication/webApp/3395.6723859a.js:1
[  171252ms] [LOG] FullkitHeader delay summary rendered @ https://installera2.realization.com/conweb/WebApplication/webApp/3395.6723859a.js:1
[  171253ms] [LOG] shouldComponentUpdate called @ https://installera2.realization.com/conweb/WebApplication/webApp/3395.6723859a.js:1
[  181258ms] [LOG] Logs dumped from all screens:  Map(5) @ https://installera2.realization.com/conweb/WebApplication/webApp/bundle.js:1
[  181575ms] [LOG] Logs saved successfully @ https://installera2.realization.com/conweb/WebApplication/webApp/bundle.js:1
[  243464ms] [INFO] Slow network is detected. See https://www.chromestatus.com/feature/5636954674692096 for more details. Fallback font will be used while loading: https://installera2.realization.com/conweb/INCLUDE/Fonts/OpenSans/mem5YaGs126MiZpBA-UNirkOUuhp.woff2 @ https://installera2.realization.com/conweb/resmgr/rmphtml_flt.aspx?filterProjects=&filterTaskManager=&filterProjectManager=&filterResourceManager=&filterDivision=&filterAuthor=&filterCategory=&filterSubject=&filterStartDate=&filterTaskStatus=&filterProjectStatus=&filterChartOptions=&filterBuffers=&filterATTRIBUTE1=&filterATTRIBUTE2=&filterATTRIBUTE3=&filterATTRIBUTE4=&filterATTRIBUTE5=&isFromAdvancedFilters=&isLoadFromProjStatusActionCol=&target=&TASK_TYPE=&Projects=&filterString=HORIZON,DIVISION,RESOURCEMANAGER,PROJECT&enumClickedFrom=&isRedirectToLogin=&bFTProjectSel=:0
[  243465ms] [INFO] Slow network is detected. See https://www.chromestatus.com/feature/5636954674692096 for more details. Fallback font will be used while loading: https://installera2.realization.com/conweb/INCLUDE/Fonts/OpenSans/mem8YaGs126MiZpBA-UFVZ0b.woff2 @ https://installera2.realization.com/conweb/resmgr/rmphtml_flt.aspx?filterProjects=&filterTaskManager=&filterProjectManager=&filterResourceManager=&filterDivision=&filterAuthor=&filterCategory=&filterSubject=&filterStartDate=&filterTaskStatus=&filterProjectStatus=&filterChartOptions=&filterBuffers=&filterATTRIBUTE1=&filterATTRIBUTE2=&filterATTRIBUTE3=&filterATTRIBUTE4=&filterATTRIBUTE5=&isFromAdvancedFilters=&isLoadFromProjStatusActionCol=&target=&TASK_TYPE=&Projects=&filterString=HORIZON,DIVISION,RESOURCEMANAGER,PROJECT&enumClickedFrom=&isRedirectToLogin=&bFTProjectSel=:0
[ 2036413ms] [INFO] Slow network is detected. See https://www.chromestatus.com/feature/5636954674692096 for more details. Fallback font will be used while loading: https://installera2.realization.com/conweb/Include/Fonts/OpenSans/mem8YaGs126MiZpBA-UFVZ0b.woff2 @ https://installera2.realization.com/conweb/pipelinecontrol/PipelineControl.aspx:7256
[ 2036414ms] [INFO] Slow network is detected. See https://www.chromestatus.com/feature/5636954674692096 for more details. Fallback font will be used while loading: https://installera2.realization.com/conweb/Include/Fonts/OpenSans/mem5YaGs126MiZpBA-UNirkOUuhp.woff2 @ https://installera2.realization.com/conweb/pipelinecontrol/PipelineControl.aspx:7256
[ 2045594ms] [INFO] Slow network is detected. See https://www.chromestatus.com/feature/5636954674692096 for more details. Fallback font will be used while loading: https://installera2.realization.com/conweb/INCLUDE/Fonts/OpenSans/mem8YaGs126MiZpBA-UFVZ0b.woff2 @ https://installera2.realization.com/conweb/DashboardProd/index.html?classic:0
[ 2052286ms] [LOG] Api call successful Config. @ https://installera2.realization.com/conweb/DashboardProd/classic/app.js?_dc=20260907093525:0
