[    1797ms] [INFO] Slow network is detected. See https://www.chromestatus.com/feature/5636954674692096 for more details. Fallback font will be used while loading: https://installera2.realization.com/conweb/Include/Fonts/OpenSans/mem8YaGs126MiZpBA-UFVZ0b.woff2 @ https://installera2.realization.com/conweb/:140
[    1803ms] [INFO] Slow network is detected. See https://www.chromestatus.com/feature/5636954674692096 for more details. Fallback font will be used while loading: https://installera2.realization.com/conweb/Include/Fonts/OpenSans/mem5YaGs126MiZpBA-UN7rgOUuhp.woff2 @ https://installera2.realization.com/conweb/:140
[   22641ms] [INFO] Slow network is detected. See https://www.chromestatus.com/feature/5636954674692096 for more details. Fallback font will be used while loading: https://installera2.realization.com/conweb/Include/Fonts/OpenSans/mem5YaGs126MiZpBA-UNirkOUuhp.woff2 @ https://installera2.realization.com/conweb/succeed.aspx:182
[ 1884299ms] [LOG] FullkitHeader search rendered @ https://installera2.realization.com/conweb/WebApplication/webApp/3395.6723859a.js:1
[ 1884300ms] [LOG] FullkitHeader pagination rendered @ https://installera2.realization.com/conweb/WebApplication/webApp/3395.6723859a.js:1
[ 1884302ms] [LOG] FullkitHeader delay summary rendered @ https://installera2.realization.com/conweb/WebApplication/webApp/3395.6723859a.js:1
[ 1884307ms] [LOG] FullkitTableReport rendered {lastResize: undefined} @ https://installera2.realization.com/conweb/WebApplication/webApp/3395.6723859a.js:1
[ 1884334ms] [LOG] FullkitHeader search rendered @ https://installera2.realization.com/conweb/WebApplication/webApp/3395.6723859a.js:1
[ 1884334ms] [LOG] FullkitHeader pagination rendered @ https://installera2.realization.com/conweb/WebApplication/webApp/3395.6723859a.js:1
[ 1884334ms] [LOG] FullkitHeader delay summary rendered @ https://installera2.realization.com/conweb/WebApplication/webApp/3395.6723859a.js:1
[ 1884348ms] [LOG] FullkitHeader search rendered @ https://installera2.realization.com/conweb/WebApplication/webApp/3395.6723859a.js:1
[ 1884348ms] [LOG] FullkitHeader pagination rendered @ https://installera2.realization.com/conweb/WebApplication/webApp/3395.6723859a.js:1
[ 1884348ms] [LOG] FullkitHeader delay summary rendered @ https://installera2.realization.com/conweb/WebApplication/webApp/3395.6723859a.js:1
[ 1884349ms] [LOG] FullkitTableReport rendered {lastResize: 1790178295302} @ https://installera2.realization.com/conweb/WebApplication/webApp/3395.6723859a.js:1
[ 1884428ms] [LOG] FullkitHeader pagination rendered @ https://installera2.realization.com/conweb/WebApplication/webApp/3395.6723859a.js:1
[ 1884691ms] [LOG] FullkitHeader search rendered @ https://installera2.realization.com/conweb/WebApplication/webApp/3395.6723859a.js:1
[ 1884691ms] [LOG] FullkitHeader pagination rendered @ https://installera2.realization.com/conweb/WebApplication/webApp/3395.6723859a.js:1
[ 1884691ms] [LOG] FullkitHeader delay summary rendered @ https://installera2.realization.com/conweb/WebApplication/webApp/3395.6723859a.js:1
[ 1885176ms] [LOG] FullkitHeader search rendered @ https://installera2.realization.com/conweb/WebApplication/webApp/3395.6723859a.js:1
[ 1885684ms] [LOG] FullkitHeader search rendered @ https://installera2.realization.com/conweb/WebApplication/webApp/3395.6723859a.js:1
[ 1885684ms] [LOG] FullkitHeader pagination rendered @ https://installera2.realization.com/conweb/WebApplication/webApp/3395.6723859a.js:1
[ 1885684ms] [LOG] FullkitHeader delay summary rendered @ https://installera2.realization.com/conweb/WebApplication/webApp/3395.6723859a.js:1
[ 1886518ms] [LOG] FullkitHeader search rendered @ https://installera2.realization.com/conweb/WebApplication/webApp/3395.6723859a.js:1
[ 1886518ms] [LOG] FullkitHeader pagination rendered @ https://installera2.realization.com/conweb/WebApplication/webApp/3395.6723859a.js:1
[ 1886518ms] [LOG] FullkitHeader delay summary rendered @ https://installera2.realization.com/conweb/WebApplication/webApp/3395.6723859a.js:1
[ 1886521ms] [LOG] FullkitHeader search rendered @ https://installera2.realization.com/conweb/WebApplication/webApp/3395.6723859a.js:1
[ 1886522ms] [LOG] FullkitHeader pagination rendered @ https://installera2.realization.com/conweb/WebApplication/webApp/3395.6723859a.js:1
[ 1886522ms] [LOG] FullkitHeader delay summary rendered @ https://installera2.realization.com/conweb/WebApplication/webApp/3395.6723859a.js:1
[ 1886524ms] [LOG] FullkitHeader search rendered @ https://installera2.realization.com/conweb/WebApplication/webApp/3395.6723859a.js:1
[ 1886524ms] [LOG] FullkitHeader pagination rendered @ https://installera2.realization.com/conweb/WebApplication/webApp/3395.6723859a.js:1
[ 1886524ms] [LOG] FullkitHeader delay summary rendered @ https://installera2.realization.com/conweb/WebApplication/webApp/3395.6723859a.js:1
[ 1886546ms] [LOG] FullkitHeader search rendered @ https://installera2.realization.com/conweb/WebApplication/webApp/3395.6723859a.js:1
[ 1886546ms] [LOG] FullkitHeader pagination rendered @ https://installera2.realization.com/conweb/WebApplication/webApp/3395.6723859a.js:1
[ 1886546ms] [LOG] FullkitHeader delay summary rendered @ https://installera2.realization.com/conweb/WebApplication/webApp/3395.6723859a.js:1
[ 1887392ms] [LOG] FullkitHeader search rendered @ https://installera2.realization.com/conweb/WebApplication/webApp/3395.6723859a.js:1
[ 1887392ms] [LOG] FullkitHeader pagination rendered @ https://installera2.realization.com/conweb/WebApplication/webApp/3395.6723859a.js:1
[ 1887392ms] [LOG] FullkitHeader delay summary rendered @ https://installera2.realization.com/conweb/WebApplication/webApp/3395.6723859a.js:1
[ 1887395ms] [LOG] taskIdVsRowNumberMap after fetchTaskListSuccess: {669: 1, 267504: 0, 510570: 8, 517674: 6, 541330: 7, 543404: 9, 562349: 16, 613289: 13, 626718: 20, 645820: 27, 651522: 10, 712690: 4, 824977: 25, 830166: 19, 861329: 24, 874514: 26, 988225: 5, 1012263: 12, 1385790: 18, 1387455: 21, 1422643: 14, 1424338: 11, 1431088: 15, 1436175: 17, 1444660: 22, 1653981: 23, 2505141: 2, 3722363: 28, 3727824: 29, 11058691: 3} @ https://installera2.realization.com/conweb/WebApplication/webApp/bundle.js:1
[ 1887400ms] [LOG] FullkitHeader search rendered @ https://installera2.realization.com/conweb/WebApplication/webApp/3395.6723859a.js:1
[ 1887400ms] [LOG] FullkitHeader pagination rendered @ https://installera2.realization.com/conweb/WebApplication/webApp/3395.6723859a.js:1
[ 1887401ms] [LOG] FullkitHeader delay summary rendered @ https://installera2.realization.com/conweb/WebApplication/webApp/3395.6723859a.js:1
[ 1887403ms] [LOG] FullkitHeader delay summary rendered @ https://installera2.realization.com/conweb/WebApplication/webApp/3395.6723859a.js:1
[ 1887413ms] [LOG] FullkitHeader search rendered @ https://installera2.realization.com/conweb/WebApplication/webApp/3395.6723859a.js:1
[ 1887413ms] [LOG] FullkitHeader pagination rendered @ https://installera2.realization.com/conweb/WebApplication/webApp/3395.6723859a.js:1
[ 1887414ms] [LOG] FullkitHeader delay summary rendered @ https://installera2.realization.com/conweb/WebApplication/webApp/3395.6723859a.js:1
[ 1887476ms] [LOG] Table hooks initialized with context @ https://installera2.realization.com/conweb/WebApplication/webApp/3395.6723859a.js:1
[ 1887478ms] [LOG] FullkitHeader search rendered @ https://installera2.realization.com/conweb/WebApplication/webApp/3395.6723859a.js:1
[ 1887479ms] [LOG] shouldComponentUpdate called @ https://installera2.realization.com/conweb/WebApplication/webApp/3395.6723859a.js:1
[ 1887565ms] [LOG] FullkitHeader pagination rendered @ https://installera2.realization.com/conweb/WebApplication/webApp/3395.6723859a.js:1
[ 1888502ms] [LOG] FullkitHeader search rendered @ https://installera2.realization.com/conweb/WebApplication/webApp/3395.6723859a.js:1
[ 1888502ms] [LOG] FullkitHeader pagination rendered @ https://installera2.realization.com/conweb/WebApplication/webApp/3395.6723859a.js:1
[ 1888502ms] [LOG] FullkitHeader delay summary rendered @ https://installera2.realization.com/conweb/WebApplication/webApp/3395.6723859a.js:1
[ 1888502ms] [LOG] shouldComponentUpdate called @ https://installera2.realization.com/conweb/WebApplication/webApp/3395.6723859a.js:1
[ 1888719ms] [LOG] FullkitHeader delay summary rendered @ https://installera2.realization.com/conweb/WebApplication/webApp/3395.6723859a.js:1
[ 1888720ms] [LOG] shouldComponentUpdate called @ https://installera2.realization.com/conweb/WebApplication/webApp/3395.6723859a.js:1
[ 1896608ms] [LOG] Logs dumped from all screens:  Map(5) @ https://installera2.realization.com/conweb/WebApplication/webApp/bundle.js:1
[ 1896929ms] [LOG] Logs saved successfully @ https://installera2.realization.com/conweb/WebApplication/webApp/bundle.js:1
[ 1921825ms] [LOG] O @ https://installera2.realization.com/ConWeb/ProjectManagement/GnattView/Gantt/static/js/main.49adaff3.js:1
[ 1971403ms] [LOG] Api call successful Config. @ https://installera2.realization.com/conweb/DashboardProd/classic/app.js?_dc=20260907093525:0
[ 2144262ms] [LOG] FullkitHeader search rendered @ https://installera2.realization.com/conweb/WebApplication/webApp/3395.6723859a.js:1
[ 2144263ms] [LOG] FullkitHeader pagination rendered @ https://installera2.realization.com/conweb/WebApplication/webApp/3395.6723859a.js:1
[ 2144264ms] [LOG] FullkitHeader delay summary rendered @ https://installera2.realization.com/conweb/WebApplication/webApp/3395.6723859a.js:1
[ 2144269ms] [LOG] FullkitTableReport rendered {lastResize: undefined} @ https://installera2.realization.com/conweb/WebApplication/webApp/3395.6723859a.js:1
[ 2144283ms] [LOG] FullkitHeader search rendered @ https://installera2.realization.com/conweb/WebApplication/webApp/3395.6723859a.js:1
[ 2144283ms] [LOG] FullkitHeader pagination rendered @ https://installera2.realization.com/conweb/WebApplication/webApp/3395.6723859a.js:1
[ 2144284ms] [LOG] FullkitHeader delay summary rendered @ https://installera2.realization.com/conweb/WebApplication/webApp/3395.6723859a.js:1
[ 2144291ms] [LOG] FullkitHeader search rendered @ https://installera2.realization.com/conweb/WebApplication/webApp/3395.6723859a.js:1
[ 2144291ms] [LOG] FullkitHeader pagination rendered @ https://installera2.realization.com/conweb/WebApplication/webApp/3395.6723859a.js:1
[ 2144291ms] [LOG] FullkitHeader delay summary rendered @ https://installera2.realization.com/conweb/WebApplication/webApp/3395.6723859a.js:1
[ 2144292ms] [LOG] FullkitTableReport rendered {lastResize: 1790178555255} @ https://installera2.realization.com/conweb/WebApplication/webApp/3395.6723859a.js:1
[ 2144393ms] [LOG] FullkitHeader pagination rendered @ https://installera2.realization.com/conweb/WebApplication/webApp/3395.6723859a.js:1
[ 2144618ms] [LOG] FullkitHeader search rendered @ https://installera2.realization.com/conweb/WebApplication/webApp/3395.6723859a.js:1
[ 2145121ms] [LOG] FullkitHeader search rendered @ https://installera2.realization.com/conweb/WebApplication/webApp/3395.6723859a.js:1
[ 2145121ms] [LOG] FullkitHeader pagination rendered @ https://installera2.realization.com/conweb/WebApplication/webApp/3395.6723859a.js:1
[ 2145121ms] [LOG] FullkitHeader delay summary rendered @ https://installera2.realization.com/conweb/WebApplication/webApp/3395.6723859a.js:1
[ 2145611ms] [LOG] FullkitHeader search rendered @ https://installera2.realization.com/conweb/WebApplication/webApp/3395.6723859a.js:1
[ 2145612ms] [LOG] FullkitHeader pagination rendered @ https://installera2.realization.com/conweb/WebApplication/webApp/3395.6723859a.js:1
[ 2145612ms] [LOG] FullkitHeader delay summary rendered @ https://installera2.realization.com/conweb/WebApplication/webApp/3395.6723859a.js:1
[ 2146421ms] [LOG] FullkitHeader search rendered @ https://installera2.realization.com/conweb/WebApplication/webApp/3395.6723859a.js:1
[ 2146421ms] [LOG] FullkitHeader pagination rendered @ https://installera2.realization.com/conweb/WebApplication/webApp/3395.6723859a.js:1
[ 2146422ms] [LOG] FullkitHeader delay summary rendered @ https://installera2.realization.com/conweb/WebApplication/webApp/3395.6723859a.js:1
[ 2146425ms] [LOG] FullkitHeader search rendered @ https://installera2.realization.com/conweb/WebApplication/webApp/3395.6723859a.js:1
[ 2146425ms] [LOG] FullkitHeader pagination rendered @ https://installera2.realization.com/conweb/WebApplication/webApp/3395.6723859a.js:1
[ 2146425ms] [LOG] FullkitHeader delay summary rendered @ https://installera2.realization.com/conweb/WebApplication/webApp/3395.6723859a.js:1
[ 2146432ms] [LOG] FullkitHeader search rendered @ https://installera2.realization.com/conweb/WebApplication/webApp/3395.6723859a.js:1
[ 2146432ms] [LOG] FullkitHeader pagination rendered @ https://installera2.realization.com/conweb/WebApplication/webApp/3395.6723859a.js:1
[ 2146434ms] [LOG] FullkitHeader delay summary rendered @ https://installera2.realization.com/conweb/WebApplication/webApp/3395.6723859a.js:1
[ 2146443ms] [LOG] FullkitHeader search rendered @ https://installera2.realization.com/conweb/WebApplication/webApp/3395.6723859a.js:1
[ 2146443ms] [LOG] FullkitHeader pagination rendered @ https://installera2.realization.com/conweb/WebApplication/webApp/3395.6723859a.js:1
[ 2146443ms] [LOG] FullkitHeader delay summary rendered @ https://installera2.realization.com/conweb/WebApplication/webApp/3395.6723859a.js:1
[ 2147307ms] [LOG] FullkitHeader search rendered @ https://installera2.realization.com/conweb/WebApplication/webApp/3395.6723859a.js:1
[ 2147308ms] [LOG] FullkitHeader pagination rendered @ https://installera2.realization.com/conweb/WebApplication/webApp/3395.6723859a.js:1
[ 2147308ms] [LOG] FullkitHeader delay summary rendered @ https://installera2.realization.com/conweb/WebApplication/webApp/3395.6723859a.js:1
[ 2147311ms] [LOG] taskIdVsRowNumberMap after fetchTaskListSuccess: {669: 1, 267504: 0, 510570: 8, 517674: 6, 541330: 7, 543404: 9, 562349: 16, 613289: 13, 626718: 20, 645820: 27, 651522: 10, 712690: 4, 824977: 25, 830166: 19, 861329: 24, 874514: 26, 988225: 5, 1012263: 12, 1385790: 18, 1387455: 21, 1422643: 14, 1424338: 11, 1431088: 15, 1436175: 17, 1444660: 22, 1653981: 23, 2505141: 2, 3722363: 28, 3727824: 29, 11058691: 3} @ https://installera2.realization.com/conweb/WebApplication/webApp/bundle.js:1
[ 2147314ms] [LOG] FullkitHeader search rendered @ https://installera2.realization.com/conweb/WebApplication/webApp/3395.6723859a.js:1
[ 2147314ms] [LOG] FullkitHeader pagination rendered @ https://installera2.realization.com/conweb/WebApplication/webApp/3395.6723859a.js:1
[ 2147314ms] [LOG] FullkitHeader delay summary rendered @ https://installera2.realization.com/conweb/WebApplication/webApp/3395.6723859a.js:1
[ 2147317ms] [LOG] FullkitHeader delay summary rendered @ https://installera2.realization.com/conweb/WebApplication/webApp/3395.6723859a.js:1
[ 2147318ms] [LOG] FullkitHeader search rendered @ https://installera2.realization.com/conweb/WebApplication/webApp/3395.6723859a.js:1
[ 2147319ms] [LOG] FullkitHeader pagination rendered @ https://installera2.realization.com/conweb/WebApplication/webApp/3395.6723859a.js:1
[ 2147319ms] [LOG] FullkitHeader delay summary rendered @ https://installera2.realization.com/conweb/WebApplication/webApp/3395.6723859a.js:1
[ 2147371ms] [LOG] Table hooks initialized with context @ https://installera2.realization.com/conweb/WebApplication/webApp/3395.6723859a.js:1
[ 2147372ms] [LOG] FullkitHeader search rendered @ https://installera2.realization.com/conweb/WebApplication/webApp/3395.6723859a.js:1
[ 2147373ms] [LOG] shouldComponentUpdate called @ https://installera2.realization.com/conweb/WebApplication/webApp/3395.6723859a.js:1
[ 2147455ms] [LOG] FullkitHeader pagination rendered @ https://installera2.realization.com/conweb/WebApplication/webApp/3395.6723859a.js:1
[ 2148495ms] [LOG] FullkitHeader search rendered @ https://installera2.realization.com/conweb/WebApplication/webApp/3395.6723859a.js:1
[ 2148495ms] [LOG] FullkitHeader pagination rendered @ https://installera2.realization.com/conweb/WebApplication/webApp/3395.6723859a.js:1
[ 2148496ms] [LOG] FullkitHeader delay summary rendered @ https://installera2.realization.com/conweb/WebApplication/webApp/3395.6723859a.js:1
[ 2148496ms] [LOG] shouldComponentUpdate called @ https://installera2.realization.com/conweb/WebApplication/webApp/3395.6723859a.js:1
[ 2148630ms] [LOG] FullkitHeader delay summary rendered @ https://installera2.realization.com/conweb/WebApplication/webApp/3395.6723859a.js:1
[ 2148631ms] [LOG] shouldComponentUpdate called @ https://installera2.realization.com/conweb/WebApplication/webApp/3395.6723859a.js:1
[ 2156510ms] [LOG] Logs dumped from all screens:  Map(5) @ https://installera2.realization.com/conweb/WebApplication/webApp/bundle.js:1
[ 2156833ms] [LOG] Logs saved successfully @ https://installera2.realization.com/conweb/WebApplication/webApp/bundle.js:1
[ 2177619ms] [LOG] O @ https://installera2.realization.com/ConWeb/ProjectManagement/GnattView/Gantt/static/js/main.49adaff3.js:1
[ 2179126ms] [LOG] 200 @ https://installera2.realization.com/ConWeb/ProjectManagement/GnattView/Gantt/static/js/main.49adaff3.js:1
[ 2179141ms] [WARNING] Operation logs not saved: missing userID {projectID: -1, userID: undefined} @ https://installera2.realization.com/ConWeb/ProjectManagement/GnattView/Gantt/static/js/main.49adaff3.js:1
[ 2179143ms] [LOG] O @ https://installera2.realization.com/ConWeb/ProjectManagement/GnattView/Gantt/static/js/main.49adaff3.js:1
[ 2179155ms] [LOG] O @ https://installera2.realization.com/ConWeb/ProjectManagement/GnattView/Gantt/static/js/main.49adaff3.js:1
[ 2180409ms] [LOG] 200 @ https://installera2.realization.com/ConWeb/ProjectManagement/GnattView/Gantt/static/js/main.49adaff3.js:1
[ 2180410ms] [LOG] loading filter api loading... {Data: Object, Errors: Array(0), LogInfo: null, Metrics: Object, ReturnTypeCode: 1} @ https://installera2.realization.com/ConWeb/ProjectManagement/GnattView/Gantt/static/js/main.49adaff3.js:1
[ 2180734ms] [LOG] 200 @ https://installera2.realization.com/ConWeb/ProjectManagement/GnattView/Gantt/static/js/main.49adaff3.js:1
[ 2181411ms] [LOG] 200 @ https://installera2.realization.com/ConWeb/ProjectManagement/GnattView/Gantt/static/js/main.49adaff3.js:1
[ 2181417ms] [LOG] Setting invalid tasks with old props {} @ https://installera2.realization.com/ConWeb/ProjectManagement/GnattView/Gantt/static/js/main.49adaff3.js:1
[ 2187859ms] [LOG] 200 @ https://installera2.realization.com/ConWeb/ProjectManagement/GnattView/Gantt/static/js/main.49adaff3.js:1
[ 2188242ms] [LOG] Setting invalid tasks with old props {} @ https://installera2.realization.com/ConWeb/ProjectManagement/GnattView/Gantt/static/js/main.49adaff3.js:1
[ 2188244ms] [LOG] checkoutProjectFromServer {Data: Object, Errors: Array(0), LogInfo: null, Metrics: Object, ReturnTypeCode: 1} @ https://installera2.realization.com/ConWeb/ProjectManagement/GnattView/Gantt/static/js/main.49adaff3.js:1
[ 2188244ms] [LOG] End of calling checkoutproject project API: 21:19:59 @ https://installera2.realization.com/ConWeb/ProjectManagement/GnattView/Gantt/static/js/main.49adaff3.js:1
[ 2190164ms] [WARNING] Deprecation warning: use moment.updateLocale(localeName, config) to change an existing locale. moment.defineLocale(localeName, config) should only be used for creating a new locale See http://momentjs.com/guides/#/warnings/define-locale/ for more info. @ https://installera2.realization.com/ConWeb/ProjectManagement/GnattView/Gantt/static/js/main.49adaff3.js:1
[ 2191849ms] [LOG] 200 @ https://installera2.realization.com/ConWeb/ProjectManagement/GnattView/Gantt/static/js/main.49adaff3.js:1
[ 2233511ms] [LOG] Api call successful Config. @ https://installera2.realization.com/conweb/DashboardProd/classic/app.js?_dc=20260907093525:0
