[    1990ms] [INFO] Slow network is detected. See https://www.chromestatus.com/feature/5636954674692096 for more details. Fallback font will be used while loading: https://installera2.realization.com/conweb/Include/Fonts/OpenSans/mem8YaGs126MiZpBA-UFVZ0b.woff2 @ https://installera2.realization.com/conweb/:140
[    1995ms] [INFO] Slow network is detected. See https://www.chromestatus.com/feature/5636954674692096 for more details. Fallback font will be used while loading: https://installera2.realization.com/conweb/Include/Fonts/OpenSans/mem5YaGs126MiZpBA-UN7rgOUuhp.woff2 @ https://installera2.realization.com/conweb/:140
[   18697ms] [INFO] Slow network is detected. See https://www.chromestatus.com/feature/5636954674692096 for more details. Fallback font will be used while loading: https://installera2.realization.com/conweb/Include/Fonts/OpenSans/mem5YaGs126MiZpBA-UNirkOUuhp.woff2 @ https://installera2.realization.com/conweb/succeed.aspx:182
[   28228ms] [INFO] Slow network is detected. See https://www.chromestatus.com/feature/5636954674692096 for more details. Fallback font will be used while loading: https://installera2.realization.com/conweb/INCLUDE/Fonts/OpenSans/mem8YaGs126MiZpBA-UFVZ0b.woff2 @ https://installera2.realization.com/conweb/DashboardProd/index.html?classic:0
[   29664ms] [LOG] Api call successful Config. @ https://installera2.realization.com/conweb/DashboardProd/classic/app.js?_dc=20260907093525:0
[ 1879335ms] [LOG] Api call successful Config. @ https://installera2.realization.com/conweb/DashboardProd/classic/app.js?_dc=20260907093525:0
[ 1926205ms] [LOG] Api call successful. @ https://installera2.realization.com/conweb/DashboardProd/classic/app.js?_dc=20260907093525:0
[ 1926207ms] [INFO] Slow network is detected. See https://www.chromestatus.com/feature/5636954674692096 for more details. Fallback font will be used while loading: https://installera2.realization.com/conweb/INCLUDE/Fonts/OpenSans/mem5YaGs126MiZpBA-UNirkOUuhp.woff2 @ https://installera2.realization.com/conweb/DashboardProd/classic/app.js?_dc=20260907093525:0
[ 1926209ms] [INFO] Slow network is detected. See https://www.chromestatus.com/feature/5636954674692096 for more details. Fallback font will be used while loading: https://installera2.realization.com/conweb/INCLUDE/Fonts/OpenSans/mem5YaGs126MiZpBA-UN_r8OUuhp.woff2 @ https://installera2.realization.com/conweb/DashboardProd/classic/app.js?_dc=20260907093525:0
[ 1930822ms] [LOG] Api call successful. @ https://installera2.realization.com/conweb/DashboardProd/classic/app.js?_dc=20260907093525:0
[ 1930912ms] [LOG] Api call successful. @ https://installera2.realization.com/conweb/DashboardProd/classic/app.js?_dc=20260907093525:0
[ 1930912ms] [INFO] Filters saved. @ https://installera2.realization.com/conweb/DashboardProd/classic/app.js?_dc=20260907093525:0
[ 1931713ms] [LOG] Api call successful. @ https://installera2.realization.com/conweb/DashboardProd/classic/app.js?_dc=20260907093525:0
[ 1932084ms] [LOG] Api call successful. @ https://installera2.realization.com/conweb/DashboardProd/classic/app.js?_dc=20260907093525:0
[ 1932410ms] [LOG] Api call successful. @ https://installera2.realization.com/conweb/DashboardProd/classic/app.js?_dc=20260907093525:0
[ 1932411ms] [INFO] Filters saved. @ https://installera2.realization.com/conweb/DashboardProd/classic/app.js?_dc=20260907093525:0
[ 1933214ms] [LOG] Api call successful. @ https://installera2.realization.com/conweb/DashboardProd/classic/app.js?_dc=20260907093525:0
[ 1933549ms] [LOG] Api call successful. @ https://installera2.realization.com/conweb/DashboardProd/classic/app.js?_dc=20260907093525:0
[ 1934114ms] [LOG] Api call successful. @ https://installera2.realization.com/conweb/DashboardProd/classic/app.js?_dc=20260907093525:0
[ 1934953ms] [LOG] Api call successful. @ https://installera2.realization.com/conweb/DashboardProd/classic/app.js?_dc=20260907093525:0
[ 1936237ms] [LOG] Api call successful. @ https://installera2.realization.com/conweb/DashboardProd/classic/app.js?_dc=20260907093525:0
