[   16594ms] [INFO] Slow network is detected. See https://www.chromestatus.com/feature/5636954674692096 for more details. Fallback font will be used while loading: https://installera2.realization.com/conweb/Include/Fonts/OpenSans/mem5YaGs126MiZpBA-UNirkOUuhp.woff2 @ https://installera2.realization.com/conweb/succeed.aspx:182
[   30762ms] [LOG] O @ https://installera2.realization.com/ConWeb/ProjectManagement/GnattView/Gantt/static/js/main.49adaff3.js:1
[   32491ms] [LOG] 200 @ https://installera2.realization.com/ConWeb/ProjectManagement/GnattView/Gantt/static/js/main.49adaff3.js:1
[   32506ms] [WARNING] Operation logs not saved: missing userID {projectID: -1, userID: undefined} @ https://installera2.realization.com/ConWeb/ProjectManagement/GnattView/Gantt/static/js/main.49adaff3.js:1
[   32508ms] [LOG] O @ https://installera2.realization.com/ConWeb/ProjectManagement/GnattView/Gantt/static/js/main.49adaff3.js:1
[   32519ms] [LOG] O @ https://installera2.realization.com/ConWeb/ProjectManagement/GnattView/Gantt/static/js/main.49adaff3.js:1
[   33101ms] [LOG] O @ https://installera2.realization.com/ConWeb/ProjectManagement/GnattView/Gantt/static/js/main.49adaff3.js:1
[   34721ms] [LOG] 200 @ https://installera2.realization.com/ConWeb/ProjectManagement/GnattView/Gantt/static/js/main.49adaff3.js:1
[   34729ms] [WARNING] Operation logs not saved: missing userID {projectID: -1, userID: undefined} @ https://installera2.realization.com/ConWeb/ProjectManagement/GnattView/Gantt/static/js/main.49adaff3.js:1
[   34730ms] [LOG] O @ https://installera2.realization.com/ConWeb/ProjectManagement/GnattView/Gantt/static/js/main.49adaff3.js:1
[   34739ms] [LOG] O @ https://installera2.realization.com/ConWeb/ProjectManagement/GnattView/Gantt/static/js/main.49adaff3.js:1
[   35975ms] [LOG] 200 @ https://installera2.realization.com/ConWeb/ProjectManagement/GnattView/Gantt/static/js/main.49adaff3.js:1
[   35976ms] [LOG] loading filter api loading... {Data: Object, Errors: Array(0), LogInfo: null, Metrics: Object, ReturnTypeCode: 1} @ https://installera2.realization.com/ConWeb/ProjectManagement/GnattView/Gantt/static/js/main.49adaff3.js:1
[   36291ms] [LOG] 200 @ https://installera2.realization.com/ConWeb/ProjectManagement/GnattView/Gantt/static/js/main.49adaff3.js:1
[   36954ms] [LOG] 200 @ https://installera2.realization.com/ConWeb/ProjectManagement/GnattView/Gantt/static/js/main.49adaff3.js:1
[   36960ms] [LOG] Setting invalid tasks with old props {} @ https://installera2.realization.com/ConWeb/ProjectManagement/GnattView/Gantt/static/js/main.49adaff3.js:1
[   43321ms] [LOG] 200 @ https://installera2.realization.com/ConWeb/ProjectManagement/GnattView/Gantt/static/js/main.49adaff3.js:1
[   43689ms] [LOG] Setting invalid tasks with old props {} @ https://installera2.realization.com/ConWeb/ProjectManagement/GnattView/Gantt/static/js/main.49adaff3.js:1
[   43692ms] [LOG] checkoutProjectFromServer {Data: Object, Errors: Array(0), LogInfo: null, Metrics: Object, ReturnTypeCode: 1} @ https://installera2.realization.com/ConWeb/ProjectManagement/GnattView/Gantt/static/js/main.49adaff3.js:1
[   43692ms] [LOG] End of calling checkoutproject project API: 10:07:29 @ https://installera2.realization.com/ConWeb/ProjectManagement/GnattView/Gantt/static/js/main.49adaff3.js:1
[   45478ms] [WARNING] Deprecation warning: use moment.updateLocale(localeName, config) to change an existing locale. moment.defineLocale(localeName, config) should only be used for creating a new locale See http://momentjs.com/guides/#/warnings/define-locale/ for more info. @ https://installera2.realization.com/ConWeb/ProjectManagement/GnattView/Gantt/static/js/main.49adaff3.js:1
[   47182ms] [LOG] 200 @ https://installera2.realization.com/ConWeb/ProjectManagement/GnattView/Gantt/static/js/main.49adaff3.js:1
[   47201ms] [LOG] Division Name in Load SPI Project  @ https://installera2.realization.com/ConWeb/ProjectManagement/GnattView/Gantt/static/js/main.49adaff3.js:1
[   47201ms] [LOG] Time to convert from SPI DS to Gantt DS: 1 @ https://installera2.realization.com/ConWeb/ProjectManagement/GnattView/Gantt/static/js/main.49adaff3.js:1
[   47560ms] [LOG] 200 @ https://installera2.realization.com/ConWeb/ProjectManagement/GnattView/Gantt/static/js/main.49adaff3.js:1
[   47756ms] [INFO] Slow network is detected. See https://www.chromestatus.com/feature/5636954674692096 for more details. Fallback font will be used while loading: https://installera2.realization.com/ConWeb/ProjectManagement/GnattView/Gantt/static/media/fa-solid-900.f840beca95c7727dd360.woff2 @ https://installera2.realization.com/ConWeb/ProjectManagement/GnattView/Gantt/static/js/main.49adaff3.js:1
