[    2044ms] [INFO] Slow network is detected. See https://www.chromestatus.com/feature/5636954674692096 for more details. Fallback font will be used while loading: https://installera2.realization.com/conweb/Include/Fonts/OpenSans/mem8YaGs126MiZpBA-UFVZ0b.woff2 @ https://installera2.realization.com/conweb/:140
[    2048ms] [INFO] Slow network is detected. See https://www.chromestatus.com/feature/5636954674692096 for more details. Fallback font will be used while loading: https://installera2.realization.com/conweb/Include/Fonts/OpenSans/mem5YaGs126MiZpBA-UN7rgOUuhp.woff2 @ https://installera2.realization.com/conweb/:140
[   16028ms] [INFO] Slow network is detected. See https://www.chromestatus.com/feature/5636954674692096 for more details. Fallback font will be used while loading: https://installera2.realization.com/conweb/Include/Fonts/OpenSans/mem5YaGs126MiZpBA-UNirkOUuhp.woff2 @ https://installera2.realization.com/conweb/succeed.aspx:182
[   30087ms] [LOG] O @ https://installera2.realization.com/ConWeb/ProjectManagement/GnattView/Gantt/static/js/main.49adaff3.js:1
[   31855ms] [LOG] 200 @ https://installera2.realization.com/ConWeb/ProjectManagement/GnattView/Gantt/static/js/main.49adaff3.js:1
[   31871ms] [WARNING] Operation logs not saved: missing userID {projectID: -1, userID: undefined} @ https://installera2.realization.com/ConWeb/ProjectManagement/GnattView/Gantt/static/js/main.49adaff3.js:1
[   31873ms] [LOG] O @ https://installera2.realization.com/ConWeb/ProjectManagement/GnattView/Gantt/static/js/main.49adaff3.js:1
[   31882ms] [LOG] O @ https://installera2.realization.com/ConWeb/ProjectManagement/GnattView/Gantt/static/js/main.49adaff3.js:1
[   32437ms] [LOG] O @ https://installera2.realization.com/ConWeb/ProjectManagement/GnattView/Gantt/static/js/main.49adaff3.js:1
[   34094ms] [LOG] 200 @ https://installera2.realization.com/ConWeb/ProjectManagement/GnattView/Gantt/static/js/main.49adaff3.js:1
[   34104ms] [WARNING] Operation logs not saved: missing userID {projectID: -1, userID: undefined} @ https://installera2.realization.com/ConWeb/ProjectManagement/GnattView/Gantt/static/js/main.49adaff3.js:1
[   34105ms] [LOG] O @ https://installera2.realization.com/ConWeb/ProjectManagement/GnattView/Gantt/static/js/main.49adaff3.js:1
[   34114ms] [LOG] O @ https://installera2.realization.com/ConWeb/ProjectManagement/GnattView/Gantt/static/js/main.49adaff3.js:1
[   35457ms] [LOG] 200 @ https://installera2.realization.com/ConWeb/ProjectManagement/GnattView/Gantt/static/js/main.49adaff3.js:1
[   35459ms] [LOG] loading filter api loading... {Data: Object, Errors: Array(0), LogInfo: null, Metrics: Object, ReturnTypeCode: 1} @ https://installera2.realization.com/ConWeb/ProjectManagement/GnattView/Gantt/static/js/main.49adaff3.js:1
[   35772ms] [LOG] 200 @ https://installera2.realization.com/ConWeb/ProjectManagement/GnattView/Gantt/static/js/main.49adaff3.js:1
[   36435ms] [LOG] 200 @ https://installera2.realization.com/ConWeb/ProjectManagement/GnattView/Gantt/static/js/main.49adaff3.js:1
[   36441ms] [LOG] Setting invalid tasks with old props {} @ https://installera2.realization.com/ConWeb/ProjectManagement/GnattView/Gantt/static/js/main.49adaff3.js:1
[   43148ms] [LOG] 200 @ https://installera2.realization.com/ConWeb/ProjectManagement/GnattView/Gantt/static/js/main.49adaff3.js:1
[   43516ms] [LOG] Setting invalid tasks with old props {} @ https://installera2.realization.com/ConWeb/ProjectManagement/GnattView/Gantt/static/js/main.49adaff3.js:1
[   43519ms] [LOG] checkoutProjectFromServer {Data: Object, Errors: Array(0), LogInfo: null, Metrics: Object, ReturnTypeCode: 1} @ https://installera2.realization.com/ConWeb/ProjectManagement/GnattView/Gantt/static/js/main.49adaff3.js:1
[   43519ms] [LOG] End of calling checkoutproject project API: 09:59:05 @ https://installera2.realization.com/ConWeb/ProjectManagement/GnattView/Gantt/static/js/main.49adaff3.js:1
[   45298ms] [WARNING] Deprecation warning: use moment.updateLocale(localeName, config) to change an existing locale. moment.defineLocale(localeName, config) should only be used for creating a new locale See http://momentjs.com/guides/#/warnings/define-locale/ for more info. @ https://installera2.realization.com/ConWeb/ProjectManagement/GnattView/Gantt/static/js/main.49adaff3.js:1
[   47126ms] [LOG] 200 @ https://installera2.realization.com/ConWeb/ProjectManagement/GnattView/Gantt/static/js/main.49adaff3.js:1
[   47142ms] [LOG] Division Name in Load SPI Project  @ https://installera2.realization.com/ConWeb/ProjectManagement/GnattView/Gantt/static/js/main.49adaff3.js:1
[   47142ms] [LOG] Time to convert from SPI DS to Gantt DS: 1 @ https://installera2.realization.com/ConWeb/ProjectManagement/GnattView/Gantt/static/js/main.49adaff3.js:1
[   47506ms] [LOG] 200 @ https://installera2.realization.com/ConWeb/ProjectManagement/GnattView/Gantt/static/js/main.49adaff3.js:1
[   47693ms] [INFO] Slow network is detected. See https://www.chromestatus.com/feature/5636954674692096 for more details. Fallback font will be used while loading: https://installera2.realization.com/ConWeb/ProjectManagement/GnattView/Gantt/static/media/fa-solid-900.f840beca95c7727dd360.woff2 @ https://installera2.realization.com/ConWeb/ProjectManagement/GnattView/Gantt/static/js/main.49adaff3.js:1
[   76868ms] [LOG] Left position of the pagination container: 1153 40.40625 @ https://installera2.realization.com/ConWeb/ProjectManagement/GnattView/Gantt/static/js/875.f2ee8932.chunk.js:0
[   92603ms] [LOG] Setting invalid tasks with old props {} @ https://installera2.realization.com/ConWeb/ProjectManagement/GnattView/Gantt/static/js/main.49adaff3.js:1
[   92643ms] [LOG] projectTasks [e, e, e, e, e, e, e, e, e, e, e, e, e, e, e] 5 @ https://installera2.realization.com/ConWeb/ProjectManagement/GnattView/Gantt/static/js/main.49adaff3.js:1
[   93322ms] [LOG] 200 @ https://installera2.realization.com/ConWeb/ProjectManagement/GnattView/Gantt/static/js/main.49adaff3.js:1
[   93514ms] [LOG] 200 @ https://installera2.realization.com/ConWeb/ProjectManagement/GnattView/Gantt/static/js/main.49adaff3.js:1
[   93514ms] [LOG] Update Cache Response {Data: true, Errors: Array(0), LogInfo: null, Metrics: null, ReturnTypeCode: 1} @ https://installera2.realization.com/ConWeb/ProjectManagement/GnattView/Gantt/static/js/main.49adaff3.js:1
[   93711ms] [LOG] Division Name in Load SPI Project  @ https://installera2.realization.com/ConWeb/ProjectManagement/GnattView/Gantt/static/js/main.49adaff3.js:1
[   93711ms] [LOG] Time to convert from SPI DS to Gantt DS: 1 @ https://installera2.realization.com/ConWeb/ProjectManagement/GnattView/Gantt/static/js/main.49adaff3.js:1
[   94255ms] [LOG] 200 @ https://installera2.realization.com/ConWeb/ProjectManagement/GnattView/Gantt/static/js/main.49adaff3.js:1
[  109774ms] [LOG] Setting invalid tasks with old props {} @ https://installera2.realization.com/ConWeb/ProjectManagement/GnattView/Gantt/static/js/main.49adaff3.js:1
[  109793ms] [LOG] projectTasks [e, e, e, e, e, e, e, e, e, e, e, e, e, e, e] 5 @ https://installera2.realization.com/ConWeb/ProjectManagement/GnattView/Gantt/static/js/main.49adaff3.js:1
[  110494ms] [LOG] 200 @ https://installera2.realization.com/ConWeb/ProjectManagement/GnattView/Gantt/static/js/main.49adaff3.js:1
[  110608ms] [LOG] 200 @ https://installera2.realization.com/ConWeb/ProjectManagement/GnattView/Gantt/static/js/main.49adaff3.js:1
[  110608ms] [LOG] Update Cache Response {Data: true, Errors: Array(0), LogInfo: null, Metrics: null, ReturnTypeCode: 1} @ https://installera2.realization.com/ConWeb/ProjectManagement/GnattView/Gantt/static/js/main.49adaff3.js:1
[  110880ms] [LOG] Division Name in Load SPI Project  @ https://installera2.realization.com/ConWeb/ProjectManagement/GnattView/Gantt/static/js/main.49adaff3.js:1
[  110880ms] [LOG] Time to convert from SPI DS to Gantt DS: 0 @ https://installera2.realization.com/ConWeb/ProjectManagement/GnattView/Gantt/static/js/main.49adaff3.js:1
[  111466ms] [LOG] 200 @ https://installera2.realization.com/ConWeb/ProjectManagement/GnattView/Gantt/static/js/main.49adaff3.js:1
