[    1992ms] [INFO] Slow network is detected. See https://www.chromestatus.com/feature/5636954674692096 for more details. Fallback font will be used while loading: https://installera2.realization.com/conweb/Include/Fonts/OpenSans/mem8YaGs126MiZpBA-UFVZ0b.woff2 @ https://installera2.realization.com/conweb/:140
[    1998ms] [INFO] Slow network is detected. See https://www.chromestatus.com/feature/5636954674692096 for more details. Fallback font will be used while loading: https://installera2.realization.com/conweb/Include/Fonts/OpenSans/mem5YaGs126MiZpBA-UN7rgOUuhp.woff2 @ https://installera2.realization.com/conweb/:140
[   42924ms] [INFO] Slow network is detected. See https://www.chromestatus.com/feature/5636954674692096 for more details. Fallback font will be used while loading: https://installera2.realization.com/conweb/Include/Fonts/OpenSans/mem5YaGs126MiZpBA-UNirkOUuhp.woff2 @ https://installera2.realization.com/conweb/succeed.aspx:182
[   58612ms] [LOG] FullkitHeader search rendered @ https://installera2.realization.com/conweb/WebApplication/webApp/3395.6723859a.js:1
[   58614ms] [LOG] FullkitHeader pagination rendered @ https://installera2.realization.com/conweb/WebApplication/webApp/3395.6723859a.js:1
[   58616ms] [LOG] FullkitHeader delay summary rendered @ https://installera2.realization.com/conweb/WebApplication/webApp/3395.6723859a.js:1
[   58621ms] [LOG] FullkitTableReport rendered {lastResize: undefined} @ https://installera2.realization.com/conweb/WebApplication/webApp/3395.6723859a.js:1
[   58645ms] [LOG] FullkitHeader search rendered @ https://installera2.realization.com/conweb/WebApplication/webApp/3395.6723859a.js:1
[   58645ms] [LOG] FullkitHeader pagination rendered @ https://installera2.realization.com/conweb/WebApplication/webApp/3395.6723859a.js:1
[   58645ms] [LOG] FullkitHeader delay summary rendered @ https://installera2.realization.com/conweb/WebApplication/webApp/3395.6723859a.js:1
[   58660ms] [LOG] FullkitHeader search rendered @ https://installera2.realization.com/conweb/WebApplication/webApp/3395.6723859a.js:1
[   58660ms] [LOG] FullkitHeader pagination rendered @ https://installera2.realization.com/conweb/WebApplication/webApp/3395.6723859a.js:1
[   58660ms] [LOG] FullkitHeader delay summary rendered @ https://installera2.realization.com/conweb/WebApplication/webApp/3395.6723859a.js:1
[   58661ms] [LOG] FullkitTableReport rendered {lastResize: 1790224938576} @ https://installera2.realization.com/conweb/WebApplication/webApp/3395.6723859a.js:1
[   58740ms] [LOG] FullkitHeader pagination rendered @ https://installera2.realization.com/conweb/WebApplication/webApp/3395.6723859a.js:1
[   58956ms] [LOG] FullkitHeader search rendered @ https://installera2.realization.com/conweb/WebApplication/webApp/3395.6723859a.js:1
[   58957ms] [LOG] FullkitHeader pagination rendered @ https://installera2.realization.com/conweb/WebApplication/webApp/3395.6723859a.js:1
[   58957ms] [LOG] FullkitHeader delay summary rendered @ https://installera2.realization.com/conweb/WebApplication/webApp/3395.6723859a.js:1
[   59490ms] [LOG] FullkitHeader search rendered @ https://installera2.realization.com/conweb/WebApplication/webApp/3395.6723859a.js:1
[   59490ms] [LOG] FullkitHeader pagination rendered @ https://installera2.realization.com/conweb/WebApplication/webApp/3395.6723859a.js:1
[   59490ms] [LOG] FullkitHeader delay summary rendered @ https://installera2.realization.com/conweb/WebApplication/webApp/3395.6723859a.js:1
[   60349ms] [LOG] FullkitHeader search rendered @ https://installera2.realization.com/conweb/WebApplication/webApp/3395.6723859a.js:1
[   60349ms] [LOG] FullkitHeader pagination rendered @ https://installera2.realization.com/conweb/WebApplication/webApp/3395.6723859a.js:1
[   60349ms] [LOG] FullkitHeader delay summary rendered @ https://installera2.realization.com/conweb/WebApplication/webApp/3395.6723859a.js:1
[   60354ms] [LOG] FullkitHeader search rendered @ https://installera2.realization.com/conweb/WebApplication/webApp/3395.6723859a.js:1
[   60354ms] [LOG] FullkitHeader pagination rendered @ https://installera2.realization.com/conweb/WebApplication/webApp/3395.6723859a.js:1
[   60354ms] [LOG] FullkitHeader delay summary rendered @ https://installera2.realization.com/conweb/WebApplication/webApp/3395.6723859a.js:1
[   60357ms] [LOG] FullkitHeader search rendered @ https://installera2.realization.com/conweb/WebApplication/webApp/3395.6723859a.js:1
[   60357ms] [LOG] FullkitHeader pagination rendered @ https://installera2.realization.com/conweb/WebApplication/webApp/3395.6723859a.js:1
[   60357ms] [LOG] FullkitHeader delay summary rendered @ https://installera2.realization.com/conweb/WebApplication/webApp/3395.6723859a.js:1
[   60381ms] [LOG] FullkitHeader search rendered @ https://installera2.realization.com/conweb/WebApplication/webApp/3395.6723859a.js:1
[   60381ms] [LOG] FullkitHeader pagination rendered @ https://installera2.realization.com/conweb/WebApplication/webApp/3395.6723859a.js:1
[   60382ms] [LOG] FullkitHeader delay summary rendered @ https://installera2.realization.com/conweb/WebApplication/webApp/3395.6723859a.js:1
[   60482ms] [LOG] FullkitHeader search rendered @ https://installera2.realization.com/conweb/WebApplication/webApp/3395.6723859a.js:1
[   61295ms] [LOG] FullkitHeader search rendered @ https://installera2.realization.com/conweb/WebApplication/webApp/3395.6723859a.js:1
[   61295ms] [LOG] FullkitHeader pagination rendered @ https://installera2.realization.com/conweb/WebApplication/webApp/3395.6723859a.js:1
[   61295ms] [LOG] FullkitHeader delay summary rendered @ https://installera2.realization.com/conweb/WebApplication/webApp/3395.6723859a.js:1
[   61298ms] [LOG] taskIdVsRowNumberMap after fetchTaskListSuccess: {669: 1, 267504: 0, 510570: 8, 517674: 6, 541330: 7, 543404: 9, 562349: 16, 613289: 13, 626718: 20, 645820: 27, 651522: 10, 712690: 4, 824977: 25, 830166: 19, 861329: 24, 874514: 26, 988225: 5, 1012263: 12, 1385790: 18, 1387455: 21, 1422643: 14, 1424338: 11, 1431088: 15, 1436175: 17, 1444660: 22, 1653981: 23, 2505141: 2, 3722363: 28, 3727824: 29, 11058691: 3} @ https://installera2.realization.com/conweb/WebApplication/webApp/bundle.js:1
[   61303ms] [LOG] FullkitHeader search rendered @ https://installera2.realization.com/conweb/WebApplication/webApp/3395.6723859a.js:1
[   61304ms] [LOG] FullkitHeader pagination rendered @ https://installera2.realization.com/conweb/WebApplication/webApp/3395.6723859a.js:1
[   61304ms] [LOG] FullkitHeader delay summary rendered @ https://installera2.realization.com/conweb/WebApplication/webApp/3395.6723859a.js:1
[   61308ms] [LOG] FullkitHeader delay summary rendered @ https://installera2.realization.com/conweb/WebApplication/webApp/3395.6723859a.js:1
[   61320ms] [LOG] FullkitHeader search rendered @ https://installera2.realization.com/conweb/WebApplication/webApp/3395.6723859a.js:1
[   61320ms] [LOG] FullkitHeader pagination rendered @ https://installera2.realization.com/conweb/WebApplication/webApp/3395.6723859a.js:1
[   61321ms] [LOG] FullkitHeader delay summary rendered @ https://installera2.realization.com/conweb/WebApplication/webApp/3395.6723859a.js:1
[   61397ms] [LOG] Table hooks initialized with context @ https://installera2.realization.com/conweb/WebApplication/webApp/3395.6723859a.js:1
[   61399ms] [LOG] FullkitHeader search rendered @ https://installera2.realization.com/conweb/WebApplication/webApp/3395.6723859a.js:1
[   61400ms] [LOG] shouldComponentUpdate called @ https://installera2.realization.com/conweb/WebApplication/webApp/3395.6723859a.js:1
[   61489ms] [LOG] FullkitHeader pagination rendered @ https://installera2.realization.com/conweb/WebApplication/webApp/3395.6723859a.js:1
[   61707ms] [LOG] FullkitHeader delay summary rendered @ https://installera2.realization.com/conweb/WebApplication/webApp/3395.6723859a.js:1
[   61709ms] [LOG] shouldComponentUpdate called @ https://installera2.realization.com/conweb/WebApplication/webApp/3395.6723859a.js:1
[   62836ms] [LOG] FullkitHeader search rendered @ https://installera2.realization.com/conweb/WebApplication/webApp/3395.6723859a.js:1
[   62836ms] [LOG] FullkitHeader pagination rendered @ https://installera2.realization.com/conweb/WebApplication/webApp/3395.6723859a.js:1
[   62836ms] [LOG] FullkitHeader delay summary rendered @ https://installera2.realization.com/conweb/WebApplication/webApp/3395.6723859a.js:1
[   62837ms] [LOG] shouldComponentUpdate called @ https://installera2.realization.com/conweb/WebApplication/webApp/3395.6723859a.js:1
[   70445ms] [LOG] Logs dumped from all screens:  Map(5) @ https://installera2.realization.com/conweb/WebApplication/webApp/bundle.js:1
[   70749ms] [LOG] Logs saved successfully @ https://installera2.realization.com/conweb/WebApplication/webApp/bundle.js:1
[   97510ms] [LOG] FullkitHeader search rendered @ https://installera2.realization.com/conweb/WebApplication/webApp/3395.6723859a.js:1
[   97511ms] [LOG] FullkitHeader pagination rendered @ https://installera2.realization.com/conweb/WebApplication/webApp/3395.6723859a.js:1
[   97512ms] [LOG] FullkitHeader delay summary rendered @ https://installera2.realization.com/conweb/WebApplication/webApp/3395.6723859a.js:1
[   97514ms] [LOG] FullkitTableReport rendered {lastResize: undefined} @ https://installera2.realization.com/conweb/WebApplication/webApp/3395.6723859a.js:1
[   97525ms] [LOG] FullkitHeader search rendered @ https://installera2.realization.com/conweb/WebApplication/webApp/3395.6723859a.js:1
[   97526ms] [LOG] FullkitHeader pagination rendered @ https://installera2.realization.com/conweb/WebApplication/webApp/3395.6723859a.js:1
[   97526ms] [LOG] FullkitHeader delay summary rendered @ https://installera2.realization.com/conweb/WebApplication/webApp/3395.6723859a.js:1
[   97536ms] [LOG] FullkitHeader search rendered @ https://installera2.realization.com/conweb/WebApplication/webApp/3395.6723859a.js:1
[   97537ms] [LOG] FullkitHeader pagination rendered @ https://installera2.realization.com/conweb/WebApplication/webApp/3395.6723859a.js:1
[   97537ms] [LOG] FullkitHeader delay summary rendered @ https://installera2.realization.com/conweb/WebApplication/webApp/3395.6723859a.js:1
[   97537ms] [LOG] FullkitTableReport rendered {lastResize: 1790224977460} @ https://installera2.realization.com/conweb/WebApplication/webApp/3395.6723859a.js:1
[   97623ms] [LOG] FullkitHeader pagination rendered @ https://installera2.realization.com/conweb/WebApplication/webApp/3395.6723859a.js:1
[   97824ms] [LOG] FullkitHeader search rendered @ https://installera2.realization.com/conweb/WebApplication/webApp/3395.6723859a.js:1
[   97824ms] [LOG] FullkitHeader pagination rendered @ https://installera2.realization.com/conweb/WebApplication/webApp/3395.6723859a.js:1
[   97825ms] [LOG] FullkitHeader delay summary rendered @ https://installera2.realization.com/conweb/WebApplication/webApp/3395.6723859a.js:1
[   98337ms] [LOG] FullkitHeader search rendered @ https://installera2.realization.com/conweb/WebApplication/webApp/3395.6723859a.js:1
[   99135ms] [LOG] FullkitHeader search rendered @ https://installera2.realization.com/conweb/WebApplication/webApp/3395.6723859a.js:1
[   99136ms] [LOG] FullkitHeader pagination rendered @ https://installera2.realization.com/conweb/WebApplication/webApp/3395.6723859a.js:1
[   99136ms] [LOG] FullkitHeader delay summary rendered @ https://installera2.realization.com/conweb/WebApplication/webApp/3395.6723859a.js:1
[   99140ms] [LOG] FullkitHeader search rendered @ https://installera2.realization.com/conweb/WebApplication/webApp/3395.6723859a.js:1
[   99140ms] [LOG] FullkitHeader pagination rendered @ https://installera2.realization.com/conweb/WebApplication/webApp/3395.6723859a.js:1
[   99140ms] [LOG] FullkitHeader delay summary rendered @ https://installera2.realization.com/conweb/WebApplication/webApp/3395.6723859a.js:1
[   99148ms] [LOG] FullkitHeader search rendered @ https://installera2.realization.com/conweb/WebApplication/webApp/3395.6723859a.js:1
[   99148ms] [LOG] FullkitHeader pagination rendered @ https://installera2.realization.com/conweb/WebApplication/webApp/3395.6723859a.js:1
[   99148ms] [LOG] FullkitHeader delay summary rendered @ https://installera2.realization.com/conweb/WebApplication/webApp/3395.6723859a.js:1
[   99156ms] [LOG] FullkitHeader search rendered @ https://installera2.realization.com/conweb/WebApplication/webApp/3395.6723859a.js:1
[   99156ms] [LOG] FullkitHeader pagination rendered @ https://installera2.realization.com/conweb/WebApplication/webApp/3395.6723859a.js:1
[   99156ms] [LOG] FullkitHeader delay summary rendered @ https://installera2.realization.com/conweb/WebApplication/webApp/3395.6723859a.js:1
[   99357ms] [LOG] FullkitHeader search rendered @ https://installera2.realization.com/conweb/WebApplication/webApp/3395.6723859a.js:1
[   99357ms] [LOG] FullkitHeader pagination rendered @ https://installera2.realization.com/conweb/WebApplication/webApp/3395.6723859a.js:1
[   99357ms] [LOG] FullkitHeader delay summary rendered @ https://installera2.realization.com/conweb/WebApplication/webApp/3395.6723859a.js:1
[  100011ms] [LOG] FullkitHeader search rendered @ https://installera2.realization.com/conweb/WebApplication/webApp/3395.6723859a.js:1
[  100012ms] [LOG] FullkitHeader pagination rendered @ https://installera2.realization.com/conweb/WebApplication/webApp/3395.6723859a.js:1
[  100012ms] [LOG] FullkitHeader delay summary rendered @ https://installera2.realization.com/conweb/WebApplication/webApp/3395.6723859a.js:1
[  100014ms] [LOG] taskIdVsRowNumberMap after fetchTaskListSuccess: {669: 1, 267504: 0, 510570: 8, 517674: 6, 541330: 7, 543404: 9, 562349: 16, 613289: 13, 626718: 20, 645820: 27, 651522: 10, 712690: 4, 824977: 25, 830166: 19, 861329: 24, 874514: 26, 988225: 5, 1012263: 12, 1385790: 18, 1387455: 21, 1422643: 14, 1424338: 11, 1431088: 15, 1436175: 17, 1444660: 22, 1653981: 23, 2505141: 2, 3722363: 28, 3727824: 29, 11058691: 3} @ https://installera2.realization.com/conweb/WebApplication/webApp/bundle.js:1
[  100017ms] [LOG] FullkitHeader search rendered @ https://installera2.realization.com/conweb/WebApplication/webApp/3395.6723859a.js:1
[  100017ms] [LOG] FullkitHeader pagination rendered @ https://installera2.realization.com/conweb/WebApplication/webApp/3395.6723859a.js:1
[  100018ms] [LOG] FullkitHeader delay summary rendered @ https://installera2.realization.com/conweb/WebApplication/webApp/3395.6723859a.js:1
[  100021ms] [LOG] FullkitHeader delay summary rendered @ https://installera2.realization.com/conweb/WebApplication/webApp/3395.6723859a.js:1
[  100023ms] [LOG] FullkitHeader search rendered @ https://installera2.realization.com/conweb/WebApplication/webApp/3395.6723859a.js:1
[  100023ms] [LOG] FullkitHeader pagination rendered @ https://installera2.realization.com/conweb/WebApplication/webApp/3395.6723859a.js:1
[  100024ms] [LOG] FullkitHeader delay summary rendered @ https://installera2.realization.com/conweb/WebApplication/webApp/3395.6723859a.js:1
[  100074ms] [LOG] Table hooks initialized with context @ https://installera2.realization.com/conweb/WebApplication/webApp/3395.6723859a.js:1
[  100076ms] [LOG] FullkitHeader search rendered @ https://installera2.realization.com/conweb/WebApplication/webApp/3395.6723859a.js:1
[  100077ms] [LOG] shouldComponentUpdate called @ https://installera2.realization.com/conweb/WebApplication/webApp/3395.6723859a.js:1
[  100157ms] [LOG] FullkitHeader pagination rendered @ https://installera2.realization.com/conweb/WebApplication/webApp/3395.6723859a.js:1
[  101108ms] [LOG] FullkitHeader search rendered @ https://installera2.realization.com/conweb/WebApplication/webApp/3395.6723859a.js:1
[  101108ms] [LOG] FullkitHeader pagination rendered @ https://installera2.realization.com/conweb/WebApplication/webApp/3395.6723859a.js:1
[  101108ms] [LOG] FullkitHeader delay summary rendered @ https://installera2.realization.com/conweb/WebApplication/webApp/3395.6723859a.js:1
[  101109ms] [LOG] shouldComponentUpdate called @ https://installera2.realization.com/conweb/WebApplication/webApp/3395.6723859a.js:1
[  101354ms] [LOG] FullkitHeader delay summary rendered @ https://installera2.realization.com/conweb/WebApplication/webApp/3395.6723859a.js:1
[  101355ms] [LOG] shouldComponentUpdate called @ https://installera2.realization.com/conweb/WebApplication/webApp/3395.6723859a.js:1
[  109225ms] [LOG] Logs dumped from all screens:  Map(5) @ https://installera2.realization.com/conweb/WebApplication/webApp/bundle.js:1
[  109532ms] [LOG] Logs saved successfully @ https://installera2.realization.com/conweb/WebApplication/webApp/bundle.js:1
[  151045ms] [LOG] FullkitHeader search rendered @ https://installera2.realization.com/conweb/WebApplication/webApp/3395.6723859a.js:1
[  151063ms] [LOG] FullkitHeader search rendered @ https://installera2.realization.com/conweb/WebApplication/webApp/3395.6723859a.js:1
[  151063ms] [LOG] FullkitHeader pagination rendered @ https://installera2.realization.com/conweb/WebApplication/webApp/3395.6723859a.js:1
[  151064ms] [LOG] FullkitHeader delay summary rendered @ https://installera2.realization.com/conweb/WebApplication/webApp/3395.6723859a.js:1
[  151065ms] [LOG] shouldComponentUpdate called @ https://installera2.realization.com/conweb/WebApplication/webApp/3395.6723859a.js:1
[  151067ms] [LOG] Tasks updated: Loading 30 tasks into table @ https://installera2.realization.com/conweb/WebApplication/webApp/3395.6723859a.js:1
[  151295ms] [LOG] FullkitHeader search rendered @ https://installera2.realization.com/conweb/WebApplication/webApp/3395.6723859a.js:1
[  151295ms] [LOG] FullkitHeader pagination rendered @ https://installera2.realization.com/conweb/WebApplication/webApp/3395.6723859a.js:1
[  151295ms] [LOG] FullkitHeader delay summary rendered @ https://installera2.realization.com/conweb/WebApplication/webApp/3395.6723859a.js:1
[  151296ms] [LOG] shouldComponentUpdate called @ https://installera2.realization.com/conweb/WebApplication/webApp/3395.6723859a.js:1
[  151297ms] [LOG] shouldComponentUpdate called @ https://installera2.realization.com/conweb/WebApplication/webApp/3395.6723859a.js:1
[  151332ms] [LOG] FullkitHeader search rendered @ https://installera2.realization.com/conweb/WebApplication/webApp/3395.6723859a.js:1
[  151728ms] [LOG] FullkitHeader search rendered @ https://installera2.realization.com/conweb/WebApplication/webApp/3395.6723859a.js:1
[  151729ms] [LOG] taskIdVsRowNumberMap after fetchTaskListSuccess: {669: 0, 510570: 1, 543404: 2, 562349: 3, 626718: 4} @ https://installera2.realization.com/conweb/WebApplication/webApp/bundle.js:1
[  151731ms] [LOG] FullkitHeader search rendered @ https://installera2.realization.com/conweb/WebApplication/webApp/3395.6723859a.js:1
[  151732ms] [LOG] FullkitHeader pagination rendered @ https://installera2.realization.com/conweb/WebApplication/webApp/3395.6723859a.js:1
[  151732ms] [LOG] FullkitHeader delay summary rendered @ https://installera2.realization.com/conweb/WebApplication/webApp/3395.6723859a.js:1
[  151735ms] [LOG] FullkitHeader delay summary rendered @ https://installera2.realization.com/conweb/WebApplication/webApp/3395.6723859a.js:1
[  151744ms] [LOG] FullkitHeader search rendered @ https://installera2.realization.com/conweb/WebApplication/webApp/3395.6723859a.js:1
[  151745ms] [LOG] FullkitHeader pagination rendered @ https://installera2.realization.com/conweb/WebApplication/webApp/3395.6723859a.js:1
[  151793ms] [LOG] Table hooks initialized with context @ https://installera2.realization.com/conweb/WebApplication/webApp/3395.6723859a.js:1
[  151793ms] [LOG] FullkitHeader search rendered @ https://installera2.realization.com/conweb/WebApplication/webApp/3395.6723859a.js:1
[  151794ms] [LOG] shouldComponentUpdate called @ https://installera2.realization.com/conweb/WebApplication/webApp/3395.6723859a.js:1
[  151834ms] [LOG] FullkitHeader pagination rendered @ https://installera2.realization.com/conweb/WebApplication/webApp/3395.6723859a.js:1
[  152829ms] [LOG] FullkitHeader search rendered @ https://installera2.realization.com/conweb/WebApplication/webApp/3395.6723859a.js:1
[  152829ms] [LOG] FullkitHeader pagination rendered @ https://installera2.realization.com/conweb/WebApplication/webApp/3395.6723859a.js:1
[  152830ms] [LOG] FullkitHeader delay summary rendered @ https://installera2.realization.com/conweb/WebApplication/webApp/3395.6723859a.js:1
[  152830ms] [LOG] shouldComponentUpdate called @ https://installera2.realization.com/conweb/WebApplication/webApp/3395.6723859a.js:1
[  153032ms] [LOG] FullkitHeader delay summary rendered @ https://installera2.realization.com/conweb/WebApplication/webApp/3395.6723859a.js:1
[  153032ms] [LOG] shouldComponentUpdate called @ https://installera2.realization.com/conweb/WebApplication/webApp/3395.6723859a.js:1
[  162835ms] [LOG] Logs dumped from all screens:  Map(4) @ https://installera2.realization.com/conweb/WebApplication/webApp/bundle.js:1
[  163141ms] [LOG] Logs saved successfully @ https://installera2.realization.com/conweb/WebApplication/webApp/bundle.js:1
[  193438ms] [LOG] Logger created for componentId: FullkitSearch @ https://installera2.realization.com/conweb/WebApplication/webApp/bundle.js:1
[  193441ms] [LOG] FullkitHeader search rendered @ https://installera2.realization.com/conweb/WebApplication/webApp/3395.6723859a.js:1
[  193441ms] [LOG] FullkitHeader pagination rendered @ https://installera2.realization.com/conweb/WebApplication/webApp/3395.6723859a.js:1
[  193442ms] [LOG] FullkitHeader delay summary rendered @ https://installera2.realization.com/conweb/WebApplication/webApp/3395.6723859a.js:1
[  193444ms] [LOG] shouldComponentUpdate called @ https://installera2.realization.com/conweb/WebApplication/webApp/3395.6723859a.js:1
[  193445ms] [LOG] Tasks updated: Loading 5 tasks into table @ https://installera2.realization.com/conweb/WebApplication/webApp/3395.6723859a.js:1
[  193502ms] [LOG] FullkitHeader search rendered @ https://installera2.realization.com/conweb/WebApplication/webApp/3395.6723859a.js:1
[  193502ms] [LOG] FullkitHeader pagination rendered @ https://installera2.realization.com/conweb/WebApplication/webApp/3395.6723859a.js:1
[  193502ms] [LOG] FullkitHeader delay summary rendered @ https://installera2.realization.com/conweb/WebApplication/webApp/3395.6723859a.js:1
[  193502ms] [LOG] shouldComponentUpdate called @ https://installera2.realization.com/conweb/WebApplication/webApp/3395.6723859a.js:1
[  193503ms] [LOG] shouldComponentUpdate called @ https://installera2.realization.com/conweb/WebApplication/webApp/3395.6723859a.js:1
[  193504ms] [LOG] shouldComponentUpdate called @ https://installera2.realization.com/conweb/WebApplication/webApp/3395.6723859a.js:1
[  193514ms] [LOG] FullkitHeader search rendered @ https://installera2.realization.com/conweb/WebApplication/webApp/3395.6723859a.js:1
[  193945ms] [LOG] FullkitHeader search rendered @ https://installera2.realization.com/conweb/WebApplication/webApp/3395.6723859a.js:1
[  193947ms] [LOG] taskIdVsRowNumberMap after fetchTaskListSuccess: {669: 1, 267504: 0, 510570: 8, 517674: 6, 541330: 7, 543404: 9, 562349: 16, 613289: 13, 626718: 20, 645820: 27, 651522: 10, 712690: 4, 824977: 25, 830166: 19, 861329: 24, 874514: 26, 988225: 5, 1012263: 12, 1385790: 18, 1387455: 21, 1422643: 14, 1424338: 11, 1431088: 15, 1436175: 17, 1444660: 22, 1653981: 23, 2505141: 2, 3722363: 28, 3727824: 29, 11058691: 3} @ https://installera2.realization.com/conweb/WebApplication/webApp/bundle.js:1
[  193950ms] [LOG] FullkitHeader search rendered @ https://installera2.realization.com/conweb/WebApplication/webApp/3395.6723859a.js:1
[  193950ms] [LOG] FullkitHeader pagination rendered @ https://installera2.realization.com/conweb/WebApplication/webApp/3395.6723859a.js:1
[  193951ms] [LOG] FullkitHeader delay summary rendered @ https://installera2.realization.com/conweb/WebApplication/webApp/3395.6723859a.js:1
[  193954ms] [LOG] FullkitHeader delay summary rendered @ https://installera2.realization.com/conweb/WebApplication/webApp/3395.6723859a.js:1
[  193966ms] [LOG] FullkitHeader search rendered @ https://installera2.realization.com/conweb/WebApplication/webApp/3395.6723859a.js:1
[  193967ms] [LOG] FullkitHeader pagination rendered @ https://installera2.realization.com/conweb/WebApplication/webApp/3395.6723859a.js:1
[  194010ms] [LOG] Table hooks initialized with context @ https://installera2.realization.com/conweb/WebApplication/webApp/3395.6723859a.js:1
[  194011ms] [LOG] FullkitHeader search rendered @ https://installera2.realization.com/conweb/WebApplication/webApp/3395.6723859a.js:1
[  194012ms] [LOG] shouldComponentUpdate called @ https://installera2.realization.com/conweb/WebApplication/webApp/3395.6723859a.js:1
[  194087ms] [LOG] FullkitHeader pagination rendered @ https://installera2.realization.com/conweb/WebApplication/webApp/3395.6723859a.js:1
[  194984ms] [LOG] FullkitHeader search rendered @ https://installera2.realization.com/conweb/WebApplication/webApp/3395.6723859a.js:1
[  194985ms] [LOG] FullkitHeader pagination rendered @ https://installera2.realization.com/conweb/WebApplication/webApp/3395.6723859a.js:1
[  194985ms] [LOG] FullkitHeader delay summary rendered @ https://installera2.realization.com/conweb/WebApplication/webApp/3395.6723859a.js:1
[  194985ms] [LOG] shouldComponentUpdate called @ https://installera2.realization.com/conweb/WebApplication/webApp/3395.6723859a.js:1
[  195266ms] [LOG] FullkitHeader delay summary rendered @ https://installera2.realization.com/conweb/WebApplication/webApp/3395.6723859a.js:1
[  195267ms] [LOG] shouldComponentUpdate called @ https://installera2.realization.com/conweb/WebApplication/webApp/3395.6723859a.js:1
[  199015ms] [LOG] shouldComponentUpdate called @ https://installera2.realization.com/conweb/WebApplication/webApp/3395.6723859a.js:1
[  199027ms] [LOG] FullkitHeader search rendered @ https://installera2.realization.com/conweb/WebApplication/webApp/3395.6723859a.js:1
[  199027ms] [LOG] FullkitHeader pagination rendered @ https://installera2.realization.com/conweb/WebApplication/webApp/3395.6723859a.js:1
[  199027ms] [LOG] FullkitHeader delay summary rendered @ https://installera2.realization.com/conweb/WebApplication/webApp/3395.6723859a.js:1
[  199028ms] [LOG] FullkitTableReport rendered {lastResize: 1790225078953} @ https://installera2.realization.com/conweb/WebApplication/webApp/3395.6723859a.js:1
[  199029ms] [LOG] shouldComponentUpdate called @ https://installera2.realization.com/conweb/WebApplication/webApp/3395.6723859a.js:1
[  199030ms] [LOG] Tasks updated: Loading 30 tasks into table @ https://installera2.realization.com/conweb/WebApplication/webApp/3395.6723859a.js:1
[  199143ms] [LOG] shouldComponentUpdate called @ https://installera2.realization.com/conweb/WebApplication/webApp/3395.6723859a.js:1
[  199229ms] [LOG] Completed delayed table refresh @ https://installera2.realization.com/conweb/WebApplication/webApp/3395.6723859a.js:1
[  209039ms] [LOG] Logs dumped from all screens:  Map(4) @ https://installera2.realization.com/conweb/WebApplication/webApp/bundle.js:1
[  209343ms] [LOG] Logs saved successfully @ https://installera2.realization.com/conweb/WebApplication/webApp/bundle.js:1
[  224561ms] [LOG] return from filterDataHandler @ https://installera2.realization.com/conweb/WebApplication/webApp/9625.496d94ff.js:1
[  234606ms] [LOG] Logs dumped from all screens:  Map(1) @ https://installera2.realization.com/conweb/WebApplication/webApp/bundle.js:1
[  234908ms] [LOG] Logs saved successfully @ https://installera2.realization.com/conweb/WebApplication/webApp/bundle.js:1
[ 2064952ms] [LOG] payload {horizon: 2 Months, horizonCO: Last 1 Month, division: .All Division, author: , category: } @ https://installera2.realization.com/conweb/WebApplication/webApp/9625.496d94ff.js:1
[ 2064960ms] [LOG] FullkitHeader search rendered @ https://installera2.realization.com/conweb/WebApplication/webApp/3395.6723859a.js:1
[ 2064961ms] [LOG] FullkitHeader pagination rendered @ https://installera2.realization.com/conweb/WebApplication/webApp/3395.6723859a.js:1
[ 2064962ms] [LOG] FullkitHeader delay summary rendered @ https://installera2.realization.com/conweb/WebApplication/webApp/3395.6723859a.js:1
[ 2064963ms] [LOG] shouldComponentUpdate called @ https://installera2.realization.com/conweb/WebApplication/webApp/3395.6723859a.js:1
[ 2065016ms] [LOG] FullkitHeader search rendered @ https://installera2.realization.com/conweb/WebApplication/webApp/3395.6723859a.js:1
[ 2065016ms] [LOG] FullkitHeader pagination rendered @ https://installera2.realization.com/conweb/WebApplication/webApp/3395.6723859a.js:1
[ 2065016ms] [LOG] FullkitHeader delay summary rendered @ https://installera2.realization.com/conweb/WebApplication/webApp/3395.6723859a.js:1
[ 2065020ms] [LOG] shouldComponentUpdate called @ https://installera2.realization.com/conweb/WebApplication/webApp/3395.6723859a.js:1
[ 2065046ms] [LOG] FullkitHeader search rendered @ https://installera2.realization.com/conweb/WebApplication/webApp/3395.6723859a.js:1
[ 2065047ms] [LOG] FullkitHeader pagination rendered @ https://installera2.realization.com/conweb/WebApplication/webApp/3395.6723859a.js:1
[ 2065047ms] [LOG] FullkitHeader delay summary rendered @ https://installera2.realization.com/conweb/WebApplication/webApp/3395.6723859a.js:1
[ 2065048ms] [LOG] FullkitTableReport rendered {lastResize: 1790226944953} @ https://installera2.realization.com/conweb/WebApplication/webApp/3395.6723859a.js:1
[ 2065129ms] [LOG] FullkitHeader pagination rendered @ https://installera2.realization.com/conweb/WebApplication/webApp/3395.6723859a.js:1
[ 2065856ms] [LOG] taskIdVsRowNumberMap after fetchTaskListSuccess: {669: 0, 510570: 7, 517674: 5, 541330: 6, 543404: 8, 562349: 15, 613289: 12, 626718: 19, 645820: 26, 651522: 9, 712690: 3, 824977: 24, 830166: 18, 861329: 23, 874514: 25, 988225: 4, 1012263: 11, 1385790: 17, 1387455: 20, 1422643: 13, 1424338: 10, 1431088: 14, 1436175: 16, 1444660: 21, 1653981: 22, 2505141: 1, 3722363: 28, 3725093: 29, 3727824: 27, 11058691: 2} @ https://installera2.realization.com/conweb/WebApplication/webApp/bundle.js:1
[ 2065858ms] [LOG] FullkitHeader search rendered @ https://installera2.realization.com/conweb/WebApplication/webApp/3395.6723859a.js:1
[ 2065859ms] [LOG] FullkitHeader pagination rendered @ https://installera2.realization.com/conweb/WebApplication/webApp/3395.6723859a.js:1
[ 2065859ms] [LOG] FullkitHeader delay summary rendered @ https://installera2.realization.com/conweb/WebApplication/webApp/3395.6723859a.js:1
[ 2065861ms] [LOG] FullkitHeader delay summary rendered @ https://installera2.realization.com/conweb/WebApplication/webApp/3395.6723859a.js:1
[ 2065863ms] [LOG] FullkitHeader pagination rendered @ https://installera2.realization.com/conweb/WebApplication/webApp/3395.6723859a.js:1
[ 2065903ms] [LOG] Table hooks initialized with context @ https://installera2.realization.com/conweb/WebApplication/webApp/3395.6723859a.js:1
[ 2065904ms] [LOG] FullkitHeader search rendered @ https://installera2.realization.com/conweb/WebApplication/webApp/3395.6723859a.js:1
[ 2065905ms] [LOG] shouldComponentUpdate called @ https://installera2.realization.com/conweb/WebApplication/webApp/3395.6723859a.js:1
[ 2065993ms] [LOG] FullkitHeader pagination rendered @ https://installera2.realization.com/conweb/WebApplication/webApp/3395.6723859a.js:1
[ 2066995ms] [LOG] FullkitHeader search rendered @ https://installera2.realization.com/conweb/WebApplication/webApp/3395.6723859a.js:1
[ 2066996ms] [LOG] FullkitHeader pagination rendered @ https://installera2.realization.com/conweb/WebApplication/webApp/3395.6723859a.js:1
[ 2066996ms] [LOG] FullkitHeader delay summary rendered @ https://installera2.realization.com/conweb/WebApplication/webApp/3395.6723859a.js:1
[ 2066996ms] [LOG] shouldComponentUpdate called @ https://installera2.realization.com/conweb/WebApplication/webApp/3395.6723859a.js:1
[ 2067176ms] [LOG] FullkitHeader delay summary rendered @ https://installera2.realization.com/conweb/WebApplication/webApp/3395.6723859a.js:1
[ 2067178ms] [LOG] shouldComponentUpdate called @ https://installera2.realization.com/conweb/WebApplication/webApp/3395.6723859a.js:1
[ 2075862ms] [LOG] Logs dumped from all screens:  Map(5) @ https://installera2.realization.com/conweb/WebApplication/webApp/bundle.js:1
[ 2076179ms] [LOG] Logs saved successfully @ https://installera2.realization.com/conweb/WebApplication/webApp/bundle.js:1
[ 2139660ms] [LOG] FullkitHeader search rendered @ https://installera2.realization.com/conweb/WebApplication/webApp/3395.6723859a.js:1
[ 2139661ms] [LOG] FullkitHeader pagination rendered @ https://installera2.realization.com/conweb/WebApplication/webApp/3395.6723859a.js:1
[ 2139663ms] [LOG] FullkitHeader delay summary rendered @ https://installera2.realization.com/conweb/WebApplication/webApp/3395.6723859a.js:1
[ 2139666ms] [LOG] FullkitTableReport rendered {lastResize: undefined} @ https://installera2.realization.com/conweb/WebApplication/webApp/3395.6723859a.js:1
[ 2139677ms] [LOG] FullkitHeader search rendered @ https://installera2.realization.com/conweb/WebApplication/webApp/3395.6723859a.js:1
[ 2139677ms] [LOG] FullkitHeader pagination rendered @ https://installera2.realization.com/conweb/WebApplication/webApp/3395.6723859a.js:1
[ 2139678ms] [LOG] FullkitHeader delay summary rendered @ https://installera2.realization.com/conweb/WebApplication/webApp/3395.6723859a.js:1
[ 2139688ms] [LOG] FullkitHeader search rendered @ https://installera2.realization.com/conweb/WebApplication/webApp/3395.6723859a.js:1
[ 2139688ms] [LOG] FullkitHeader pagination rendered @ https://installera2.realization.com/conweb/WebApplication/webApp/3395.6723859a.js:1
[ 2139689ms] [LOG] FullkitHeader delay summary rendered @ https://installera2.realization.com/conweb/WebApplication/webApp/3395.6723859a.js:1
[ 2139689ms] [LOG] FullkitTableReport rendered {lastResize: 1790227019611} @ https://installera2.realization.com/conweb/WebApplication/webApp/3395.6723859a.js:1
[ 2139777ms] [LOG] FullkitHeader pagination rendered @ https://installera2.realization.com/conweb/WebApplication/webApp/3395.6723859a.js:1
[ 2140322ms] [LOG] FullkitHeader search rendered @ https://installera2.realization.com/conweb/WebApplication/webApp/3395.6723859a.js:1
[ 2140322ms] [LOG] FullkitHeader pagination rendered @ https://installera2.realization.com/conweb/WebApplication/webApp/3395.6723859a.js:1
[ 2140323ms] [LOG] FullkitHeader delay summary rendered @ https://installera2.realization.com/conweb/WebApplication/webApp/3395.6723859a.js:1
[ 2140327ms] [LOG] FullkitHeader search rendered @ https://installera2.realization.com/conweb/WebApplication/webApp/3395.6723859a.js:1
[ 2140327ms] [LOG] FullkitHeader pagination rendered @ https://installera2.realization.com/conweb/WebApplication/webApp/3395.6723859a.js:1
[ 2140328ms] [LOG] FullkitHeader delay summary rendered @ https://installera2.realization.com/conweb/WebApplication/webApp/3395.6723859a.js:1
[ 2140331ms] [LOG] FullkitHeader search rendered @ https://installera2.realization.com/conweb/WebApplication/webApp/3395.6723859a.js:1
[ 2140331ms] [LOG] FullkitHeader pagination rendered @ https://installera2.realization.com/conweb/WebApplication/webApp/3395.6723859a.js:1
[ 2140331ms] [LOG] FullkitHeader delay summary rendered @ https://installera2.realization.com/conweb/WebApplication/webApp/3395.6723859a.js:1
[ 2140798ms] [LOG] FullkitHeader search rendered @ https://installera2.realization.com/conweb/WebApplication/webApp/3395.6723859a.js:1
[ 2140798ms] [LOG] FullkitHeader pagination rendered @ https://installera2.realization.com/conweb/WebApplication/webApp/3395.6723859a.js:1
[ 2140798ms] [LOG] FullkitHeader delay summary rendered @ https://installera2.realization.com/conweb/WebApplication/webApp/3395.6723859a.js:1
[ 2140803ms] [LOG] FullkitHeader search rendered @ https://installera2.realization.com/conweb/WebApplication/webApp/3395.6723859a.js:1
[ 2140803ms] [LOG] FullkitHeader pagination rendered @ https://installera2.realization.com/conweb/WebApplication/webApp/3395.6723859a.js:1
[ 2140803ms] [LOG] FullkitHeader delay summary rendered @ https://installera2.realization.com/conweb/WebApplication/webApp/3395.6723859a.js:1
[ 2140806ms] [LOG] FullkitHeader search rendered @ https://installera2.realization.com/conweb/WebApplication/webApp/3395.6723859a.js:1
[ 2140806ms] [LOG] FullkitHeader pagination rendered @ https://installera2.realization.com/conweb/WebApplication/webApp/3395.6723859a.js:1
[ 2140806ms] [LOG] FullkitHeader delay summary rendered @ https://installera2.realization.com/conweb/WebApplication/webApp/3395.6723859a.js:1
[ 2140809ms] [LOG] FullkitHeader search rendered @ https://installera2.realization.com/conweb/WebApplication/webApp/3395.6723859a.js:1
[ 2140810ms] [LOG] FullkitHeader pagination rendered @ https://installera2.realization.com/conweb/WebApplication/webApp/3395.6723859a.js:1
[ 2140810ms] [LOG] FullkitHeader delay summary rendered @ https://installera2.realization.com/conweb/WebApplication/webApp/3395.6723859a.js:1
[ 2141086ms] [LOG] FullkitHeader search rendered @ https://installera2.realization.com/conweb/WebApplication/webApp/3395.6723859a.js:1
[ 2141623ms] [LOG] FullkitHeader search rendered @ https://installera2.realization.com/conweb/WebApplication/webApp/3395.6723859a.js:1
[ 2141624ms] [LOG] FullkitHeader pagination rendered @ https://installera2.realization.com/conweb/WebApplication/webApp/3395.6723859a.js:1
[ 2141624ms] [LOG] FullkitHeader delay summary rendered @ https://installera2.realization.com/conweb/WebApplication/webApp/3395.6723859a.js:1
[ 2141626ms] [LOG] taskIdVsRowNumberMap after fetchTaskListSuccess: {669: 0, 510570: 7, 517674: 5, 541330: 6, 543404: 8, 562349: 15, 613289: 12, 626718: 19, 645820: 26, 651522: 9, 712690: 3, 824977: 24, 830166: 18, 861329: 23, 874514: 25, 988225: 4, 1012263: 11, 1385790: 17, 1387455: 20, 1422643: 13, 1424338: 10, 1431088: 14, 1436175: 16, 1444660: 21, 1653981: 22, 2505141: 1, 3722363: 28, 3725093: 29, 3727824: 27, 11058691: 2} @ https://installera2.realization.com/conweb/WebApplication/webApp/bundle.js:1
[ 2141628ms] [LOG] FullkitHeader search rendered @ https://installera2.realization.com/conweb/WebApplication/webApp/3395.6723859a.js:1
[ 2141629ms] [LOG] FullkitHeader pagination rendered @ https://installera2.realization.com/conweb/WebApplication/webApp/3395.6723859a.js:1
[ 2141629ms] [LOG] FullkitHeader delay summary rendered @ https://installera2.realization.com/conweb/WebApplication/webApp/3395.6723859a.js:1
[ 2141631ms] [LOG] FullkitHeader delay summary rendered @ https://installera2.realization.com/conweb/WebApplication/webApp/3395.6723859a.js:1
[ 2141639ms] [LOG] FullkitHeader search rendered @ https://installera2.realization.com/conweb/WebApplication/webApp/3395.6723859a.js:1
[ 2141639ms] [LOG] FullkitHeader pagination rendered @ https://installera2.realization.com/conweb/WebApplication/webApp/3395.6723859a.js:1
[ 2141639ms] [LOG] FullkitHeader delay summary rendered @ https://installera2.realization.com/conweb/WebApplication/webApp/3395.6723859a.js:1
[ 2141684ms] [LOG] Table hooks initialized with context @ https://installera2.realization.com/conweb/WebApplication/webApp/3395.6723859a.js:1
[ 2141685ms] [LOG] FullkitHeader search rendered @ https://installera2.realization.com/conweb/WebApplication/webApp/3395.6723859a.js:1
[ 2141686ms] [LOG] shouldComponentUpdate called @ https://installera2.realization.com/conweb/WebApplication/webApp/3395.6723859a.js:1
[ 2141759ms] [LOG] FullkitHeader pagination rendered @ https://installera2.realization.com/conweb/WebApplication/webApp/3395.6723859a.js:1
[ 2142768ms] [LOG] FullkitHeader search rendered @ https://installera2.realization.com/conweb/WebApplication/webApp/3395.6723859a.js:1
[ 2142769ms] [LOG] FullkitHeader pagination rendered @ https://installera2.realization.com/conweb/WebApplication/webApp/3395.6723859a.js:1
[ 2142769ms] [LOG] FullkitHeader delay summary rendered @ https://installera2.realization.com/conweb/WebApplication/webApp/3395.6723859a.js:1
[ 2142769ms] [LOG] shouldComponentUpdate called @ https://installera2.realization.com/conweb/WebApplication/webApp/3395.6723859a.js:1
[ 2142943ms] [LOG] FullkitHeader delay summary rendered @ https://installera2.realization.com/conweb/WebApplication/webApp/3395.6723859a.js:1
[ 2142944ms] [LOG] shouldComponentUpdate called @ https://installera2.realization.com/conweb/WebApplication/webApp/3395.6723859a.js:1
[ 2150893ms] [LOG] Logs dumped from all screens:  Map(5) @ https://installera2.realization.com/conweb/WebApplication/webApp/bundle.js:1
[ 2151206ms] [LOG] Logs saved successfully @ https://installera2.realization.com/conweb/WebApplication/webApp/bundle.js:1
[ 2154299ms] [LOG] Filter clicked: ID 0, Value: 59 @ https://installera2.realization.com/conweb/WebApplication/webApp/3395.6723859a.js:1
[ 2154299ms] [LOG] Filter clicked: ID 0, Value: 59 @ https://installera2.realization.com/conweb/WebApplication/webApp/3395.6723859a.js:1
[ 2154301ms] [LOG] Logger created for componentId: FullkitBucketFilter @ https://installera2.realization.com/conweb/WebApplication/webApp/bundle.js:1
[ 2154301ms] [LOG] FullkitHeader delay summary rendered @ https://installera2.realization.com/conweb/WebApplication/webApp/3395.6723859a.js:1
[ 2154302ms] [LOG] shouldComponentUpdate called @ https://installera2.realization.com/conweb/WebApplication/webApp/3395.6723859a.js:1
[ 2154303ms] [LOG] Tasks updated: Loading 30 tasks into table @ https://installera2.realization.com/conweb/WebApplication/webApp/3395.6723859a.js:1
[ 2154417ms] [LOG] shouldComponentUpdate called @ https://installera2.realization.com/conweb/WebApplication/webApp/3395.6723859a.js:1
[ 2154418ms] [LOG] shouldComponentUpdate called @ https://installera2.realization.com/conweb/WebApplication/webApp/3395.6723859a.js:1
[ 2154846ms] [LOG] FullkitHeader delay summary rendered @ https://installera2.realization.com/conweb/WebApplication/webApp/3395.6723859a.js:1
[ 2154847ms] [LOG] taskIdVsRowNumberMap after fetchTaskListSuccess: {669: 0, 510570: 7, 517674: 5, 541330: 6, 543404: 8, 562349: 15, 613289: 12, 626718: 19, 645820: 26, 651522: 9, 712690: 3, 824977: 24, 830166: 18, 861329: 23, 874514: 25, 988225: 4, 1012263: 11, 1385790: 17, 1387455: 20, 1422643: 13, 1424338: 10, 1431088: 14, 1436175: 16, 1444660: 21, 1653981: 22, 2505141: 1, 3722363: 28, 3725093: 29, 3727824: 27, 11058691: 2} @ https://installera2.realization.com/conweb/WebApplication/webApp/bundle.js:1
[ 2154849ms] [LOG] FullkitHeader search rendered @ https://installera2.realization.com/conweb/WebApplication/webApp/3395.6723859a.js:1
[ 2154850ms] [LOG] FullkitHeader pagination rendered @ https://installera2.realization.com/conweb/WebApplication/webApp/3395.6723859a.js:1
[ 2154850ms] [LOG] FullkitHeader delay summary rendered @ https://installera2.realization.com/conweb/WebApplication/webApp/3395.6723859a.js:1
[ 2154852ms] [LOG] FullkitHeader search rendered @ https://installera2.realization.com/conweb/WebApplication/webApp/3395.6723859a.js:1
[ 2154852ms] [LOG] FullkitHeader pagination rendered @ https://installera2.realization.com/conweb/WebApplication/webApp/3395.6723859a.js:1
[ 2154854ms] [LOG] FullkitHeader pagination rendered @ https://installera2.realization.com/conweb/WebApplication/webApp/3395.6723859a.js:1
[ 2154854ms] [LOG] FullkitHeader delay summary rendered @ https://installera2.realization.com/conweb/WebApplication/webApp/3395.6723859a.js:1
[ 2154854ms] [LOG] FullkitHeader delay summary rendered @ https://installera2.realization.com/conweb/WebApplication/webApp/3395.6723859a.js:1
[ 2154887ms] [LOG] Table hooks initialized with context @ https://installera2.realization.com/conweb/WebApplication/webApp/3395.6723859a.js:1
[ 2154888ms] [LOG] FullkitHeader search rendered @ https://installera2.realization.com/conweb/WebApplication/webApp/3395.6723859a.js:1
[ 2154889ms] [LOG] shouldComponentUpdate called @ https://installera2.realization.com/conweb/WebApplication/webApp/3395.6723859a.js:1
[ 2155947ms] [LOG] FullkitHeader search rendered @ https://installera2.realization.com/conweb/WebApplication/webApp/3395.6723859a.js:1
[ 2155947ms] [LOG] FullkitHeader pagination rendered @ https://installera2.realization.com/conweb/WebApplication/webApp/3395.6723859a.js:1
[ 2155947ms] [LOG] FullkitHeader delay summary rendered @ https://installera2.realization.com/conweb/WebApplication/webApp/3395.6723859a.js:1
[ 2155947ms] [LOG] shouldComponentUpdate called @ https://installera2.realization.com/conweb/WebApplication/webApp/3395.6723859a.js:1
[ 2165963ms] [LOG] Logs dumped from all screens:  Map(4) @ https://installera2.realization.com/conweb/WebApplication/webApp/bundle.js:1
[ 2166316ms] [LOG] Logs saved successfully @ https://installera2.realization.com/conweb/WebApplication/webApp/bundle.js:1
[ 2214424ms] [LOG] shouldComponentUpdate called @ https://installera2.realization.com/conweb/WebApplication/webApp/3395.6723859a.js:1
