[    2141ms] [INFO] Slow network is detected. See https://www.chromestatus.com/feature/5636954674692096 for more details. Fallback font will be used while loading: https://installera2.realization.com/conweb/Include/Fonts/OpenSans/mem8YaGs126MiZpBA-UFVZ0b.woff2 @ https://installera2.realization.com/conweb/:140
[    2177ms] [INFO] Slow network is detected. See https://www.chromestatus.com/feature/5636954674692096 for more details. Fallback font will be used while loading: https://installera2.realization.com/conweb/Include/Fonts/OpenSans/mem5YaGs126MiZpBA-UN7rgOUuhp.woff2 @ https://installera2.realization.com/conweb/:140
[   25545ms] [INFO] Slow network is detected. See https://www.chromestatus.com/feature/5636954674692096 for more details. Fallback font will be used while loading: https://installera2.realization.com/conweb/Include/Fonts/OpenSans/mem5YaGs126MiZpBA-UNirkOUuhp.woff2 @ https://installera2.realization.com/conweb/succeed.aspx:182
[   47074ms] [LOG] O @ https://installera2.realization.com/ConWeb/ProjectManagement/GnattView/Gantt/static/js/main.49adaff3.js:1
[   48519ms] [LOG] 200 @ https://installera2.realization.com/ConWeb/ProjectManagement/GnattView/Gantt/static/js/main.49adaff3.js:1
[   48579ms] [WARNING] Operation logs not saved: missing userID {projectID: -1, userID: undefined} @ https://installera2.realization.com/ConWeb/ProjectManagement/GnattView/Gantt/static/js/main.49adaff3.js:1
[   48588ms] [LOG] O @ https://installera2.realization.com/ConWeb/ProjectManagement/GnattView/Gantt/static/js/main.49adaff3.js:1
[   48621ms] [LOG] O @ https://installera2.realization.com/ConWeb/ProjectManagement/GnattView/Gantt/static/js/main.49adaff3.js:1
[   49956ms] [LOG] 200 @ https://installera2.realization.com/ConWeb/ProjectManagement/GnattView/Gantt/static/js/main.49adaff3.js:1
[   49961ms] [LOG] loading filter api loading... {Data: Object, Errors: Array(0), LogInfo: null, Metrics: Object, ReturnTypeCode: 1} @ https://installera2.realization.com/ConWeb/ProjectManagement/GnattView/Gantt/static/js/main.49adaff3.js:1
[   50300ms] [LOG] 200 @ https://installera2.realization.com/ConWeb/ProjectManagement/GnattView/Gantt/static/js/main.49adaff3.js:1
[   51003ms] [LOG] 200 @ https://installera2.realization.com/ConWeb/ProjectManagement/GnattView/Gantt/static/js/main.49adaff3.js:1
[   51025ms] [LOG] Setting invalid tasks with old props {} @ https://installera2.realization.com/ConWeb/ProjectManagement/GnattView/Gantt/static/js/main.49adaff3.js:1
[   57775ms] [LOG] 200 @ https://installera2.realization.com/ConWeb/ProjectManagement/GnattView/Gantt/static/js/main.49adaff3.js:1
[   58215ms] [LOG] Setting invalid tasks with old props {} @ https://installera2.realization.com/ConWeb/ProjectManagement/GnattView/Gantt/static/js/main.49adaff3.js:1
[   58230ms] [LOG] checkoutProjectFromServer {Data: Object, Errors: Array(0), LogInfo: null, Metrics: Object, ReturnTypeCode: 1} @ https://installera2.realization.com/ConWeb/ProjectManagement/GnattView/Gantt/static/js/main.49adaff3.js:1
[   58232ms] [LOG] End of calling checkoutproject project API: 09:16:16 @ https://installera2.realization.com/ConWeb/ProjectManagement/GnattView/Gantt/static/js/main.49adaff3.js:1
[   60159ms] [WARNING] Deprecation warning: use moment.updateLocale(localeName, config) to change an existing locale. moment.defineLocale(localeName, config) should only be used for creating a new locale See http://momentjs.com/guides/#/warnings/define-locale/ for more info. @ https://installera2.realization.com/ConWeb/ProjectManagement/GnattView/Gantt/static/js/main.49adaff3.js:1
[   67825ms] [LOG] 200 @ https://installera2.realization.com/ConWeb/ProjectManagement/GnattView/Gantt/static/js/main.49adaff3.js:1
[   67888ms] [LOG] Division Name in Load SPI Project  @ https://installera2.realization.com/ConWeb/ProjectManagement/GnattView/Gantt/static/js/main.49adaff3.js:1
[   67888ms] [LOG] Time to convert from SPI DS to Gantt DS: 3 @ https://installera2.realization.com/ConWeb/ProjectManagement/GnattView/Gantt/static/js/main.49adaff3.js:1
[   68739ms] [LOG] 200 @ https://installera2.realization.com/ConWeb/ProjectManagement/GnattView/Gantt/static/js/main.49adaff3.js:1
[   70346ms] [LOG] O @ https://installera2.realization.com/ConWeb/ProjectManagement/GnattView/Gantt/static/js/main.49adaff3.js:1
[   71504ms] [LOG] 200 @ https://installera2.realization.com/ConWeb/ProjectManagement/GnattView/Gantt/static/js/main.49adaff3.js:1
[   71540ms] [WARNING] Operation logs not saved: missing userID {projectID: -1, userID: undefined} @ https://installera2.realization.com/ConWeb/ProjectManagement/GnattView/Gantt/static/js/main.49adaff3.js:1
[   71545ms] [LOG] O @ https://installera2.realization.com/ConWeb/ProjectManagement/GnattView/Gantt/static/js/main.49adaff3.js:1
[   71576ms] [LOG] O @ https://installera2.realization.com/ConWeb/ProjectManagement/GnattView/Gantt/static/js/main.49adaff3.js:1
[   72962ms] [LOG] 200 @ https://installera2.realization.com/ConWeb/ProjectManagement/GnattView/Gantt/static/js/main.49adaff3.js:1
[   72965ms] [LOG] loading filter api loading... {Data: Object, Errors: Array(0), LogInfo: null, Metrics: Object, ReturnTypeCode: 1} @ https://installera2.realization.com/ConWeb/ProjectManagement/GnattView/Gantt/static/js/main.49adaff3.js:1
[   73305ms] [LOG] 200 @ https://installera2.realization.com/ConWeb/ProjectManagement/GnattView/Gantt/static/js/main.49adaff3.js:1
[   73986ms] [LOG] 200 @ https://installera2.realization.com/ConWeb/ProjectManagement/GnattView/Gantt/static/js/main.49adaff3.js:1
[   74010ms] [LOG] Setting invalid tasks with old props {} @ https://installera2.realization.com/ConWeb/ProjectManagement/GnattView/Gantt/static/js/main.49adaff3.js:1
[   80523ms] [LOG] 200 @ https://installera2.realization.com/ConWeb/ProjectManagement/GnattView/Gantt/static/js/main.49adaff3.js:1
[   80941ms] [LOG] Setting invalid tasks with old props {} @ https://installera2.realization.com/ConWeb/ProjectManagement/GnattView/Gantt/static/js/main.49adaff3.js:1
[   80952ms] [LOG] checkoutProjectFromServer {Data: Object, Errors: Array(0), LogInfo: null, Metrics: Object, ReturnTypeCode: 1} @ https://installera2.realization.com/ConWeb/ProjectManagement/GnattView/Gantt/static/js/main.49adaff3.js:1
[   80953ms] [LOG] End of calling checkoutproject project API: 09:16:38 @ https://installera2.realization.com/ConWeb/ProjectManagement/GnattView/Gantt/static/js/main.49adaff3.js:1
[   82895ms] [WARNING] Deprecation warning: use moment.updateLocale(localeName, config) to change an existing locale. moment.defineLocale(localeName, config) should only be used for creating a new locale See http://momentjs.com/guides/#/warnings/define-locale/ for more info. @ https://installera2.realization.com/ConWeb/ProjectManagement/GnattView/Gantt/static/js/main.49adaff3.js:1
[   88035ms] [LOG] 200 @ https://installera2.realization.com/ConWeb/ProjectManagement/GnattView/Gantt/static/js/main.49adaff3.js:1
[   88053ms] [LOG] Division Name in Load SPI Project  @ https://installera2.realization.com/ConWeb/ProjectManagement/GnattView/Gantt/static/js/main.49adaff3.js:1
[   88053ms] [LOG] Time to convert from SPI DS to Gantt DS: 1 @ https://installera2.realization.com/ConWeb/ProjectManagement/GnattView/Gantt/static/js/main.49adaff3.js:1
[   88409ms] [LOG] 200 @ https://installera2.realization.com/ConWeb/ProjectManagement/GnattView/Gantt/static/js/main.49adaff3.js:1
[   88682ms] [INFO] Slow network is detected. See https://www.chromestatus.com/feature/5636954674692096 for more details. Fallback font will be used while loading: https://installera2.realization.com/ConWeb/ProjectManagement/GnattView/Gantt/static/media/fa-solid-900.f840beca95c7727dd360.woff2 @ https://installera2.realization.com/ConWeb/ProjectManagement/GnattView/Gantt/static/js/main.49adaff3.js:1
