[    2004ms] [INFO] Slow network is detected. See https://www.chromestatus.com/feature/5636954674692096 for more details. Fallback font will be used while loading: https://installera2.realization.com/conweb/Include/Fonts/OpenSans/mem8YaGs126MiZpBA-UFVZ0b.woff2 @ https://installera2.realization.com/conweb/:146
[    2008ms] [INFO] Slow network is detected. See https://www.chromestatus.com/feature/5636954674692096 for more details. Fallback font will be used while loading: https://installera2.realization.com/conweb/Include/Fonts/OpenSans/mem5YaGs126MiZpBA-UN7rgOUuhp.woff2 @ https://installera2.realization.com/conweb/:146
[   16731ms] [INFO] Slow network is detected. See https://www.chromestatus.com/feature/5636954674692096 for more details. Fallback font will be used while loading: https://installera2.realization.com/conweb/Include/Fonts/OpenSans/mem5YaGs126MiZpBA-UNirkOUuhp.woff2 @ https://installera2.realization.com/conweb/succeed.aspx:182
[   31083ms] [LOG] O @ https://installera2.realization.com/ConWeb/ProjectManagement/GnattView/Gantt/static/js/main.49adaff3.js:1
[   32533ms] [LOG] 200 @ https://installera2.realization.com/ConWeb/ProjectManagement/GnattView/Gantt/static/js/main.49adaff3.js:1
[   32552ms] [WARNING] Operation logs not saved: missing userID {projectID: -1, userID: undefined} @ https://installera2.realization.com/ConWeb/ProjectManagement/GnattView/Gantt/static/js/main.49adaff3.js:1
[   32555ms] [LOG] O @ https://installera2.realization.com/ConWeb/ProjectManagement/GnattView/Gantt/static/js/main.49adaff3.js:1
[   32569ms] [LOG] O @ https://installera2.realization.com/ConWeb/ProjectManagement/GnattView/Gantt/static/js/main.49adaff3.js:1
[   33153ms] [LOG] O @ https://installera2.realization.com/ConWeb/ProjectManagement/GnattView/Gantt/static/js/main.49adaff3.js:1
[   34978ms] [LOG] 200 @ https://installera2.realization.com/ConWeb/ProjectManagement/GnattView/Gantt/static/js/main.49adaff3.js:1
[   34988ms] [WARNING] Operation logs not saved: missing userID {projectID: -1, userID: undefined} @ https://installera2.realization.com/ConWeb/ProjectManagement/GnattView/Gantt/static/js/main.49adaff3.js:1
[   34989ms] [LOG] O @ https://installera2.realization.com/ConWeb/ProjectManagement/GnattView/Gantt/static/js/main.49adaff3.js:1
[   34995ms] [LOG] O @ https://installera2.realization.com/ConWeb/ProjectManagement/GnattView/Gantt/static/js/main.49adaff3.js:1
[   36310ms] [LOG] 200 @ https://installera2.realization.com/ConWeb/ProjectManagement/GnattView/Gantt/static/js/main.49adaff3.js:1
[   36312ms] [LOG] loading filter api loading... {Data: Object, Errors: Array(0), LogInfo: null, Metrics: Object, ReturnTypeCode: 1} @ https://installera2.realization.com/ConWeb/ProjectManagement/GnattView/Gantt/static/js/main.49adaff3.js:1
[   36628ms] [LOG] 200 @ https://installera2.realization.com/ConWeb/ProjectManagement/GnattView/Gantt/static/js/main.49adaff3.js:1
[   37290ms] [LOG] 200 @ https://installera2.realization.com/ConWeb/ProjectManagement/GnattView/Gantt/static/js/main.49adaff3.js:1
[   37296ms] [LOG] Setting invalid tasks with old props {} @ https://installera2.realization.com/ConWeb/ProjectManagement/GnattView/Gantt/static/js/main.49adaff3.js:1
[   43711ms] [LOG] 200 @ https://installera2.realization.com/ConWeb/ProjectManagement/GnattView/Gantt/static/js/main.49adaff3.js:1
[   44078ms] [LOG] Setting invalid tasks with old props {} @ https://installera2.realization.com/ConWeb/ProjectManagement/GnattView/Gantt/static/js/main.49adaff3.js:1
[   44081ms] [LOG] checkoutProjectFromServer {Data: Object, Errors: Array(0), LogInfo: null, Metrics: Object, ReturnTypeCode: 1} @ https://installera2.realization.com/ConWeb/ProjectManagement/GnattView/Gantt/static/js/main.49adaff3.js:1
[   44081ms] [LOG] End of calling checkoutproject project API: 09:54:19 @ https://installera2.realization.com/ConWeb/ProjectManagement/GnattView/Gantt/static/js/main.49adaff3.js:1
[   44614ms] [LOG] 200 @ https://installera2.realization.com/ConWeb/ProjectManagement/GnattView/Gantt/static/js/main.49adaff3.js:1
[   46445ms] [WARNING] Deprecation warning: use moment.updateLocale(localeName, config) to change an existing locale. moment.defineLocale(localeName, config) should only be used for creating a new locale See http://momentjs.com/guides/#/warnings/define-locale/ for more info. @ https://installera2.realization.com/ConWeb/ProjectManagement/GnattView/Gantt/static/js/main.49adaff3.js:1
[   48527ms] [LOG] Division Name in Load SPI Project  @ https://installera2.realization.com/ConWeb/ProjectManagement/GnattView/Gantt/static/js/main.49adaff3.js:1
[   48527ms] [LOG] Time to convert from SPI DS to Gantt DS: 1 @ https://installera2.realization.com/ConWeb/ProjectManagement/GnattView/Gantt/static/js/main.49adaff3.js:1
[   48909ms] [LOG] 200 @ https://installera2.realization.com/ConWeb/ProjectManagement/GnattView/Gantt/static/js/main.49adaff3.js:1
[   49116ms] [INFO] Slow network is detected. See https://www.chromestatus.com/feature/5636954674692096 for more details. Fallback font will be used while loading: https://installera2.realization.com/ConWeb/ProjectManagement/GnattView/Gantt/static/media/fa-solid-900.f840beca95c7727dd360.woff2 @ https://installera2.realization.com/ConWeb/ProjectManagement/GnattView/Gantt/static/js/main.49adaff3.js:1
[   66233ms] [LOG] 200 @ https://installera2.realization.com/ConWeb/ProjectManagement/GnattView/Gantt/static/js/main.49adaff3.js:1
[   66246ms] [LOG] [Object] @ https://installera2.realization.com/ConWeb/ProjectManagement/GnattView/Gantt/static/js/main.49adaff3.js:1
[   66259ms] [LOG] Division Name in Load SPI Project  @ https://installera2.realization.com/ConWeb/ProjectManagement/GnattView/Gantt/static/js/main.49adaff3.js:1
[   66259ms] [LOG] Time to convert from SPI DS to Gantt DS: 1 @ https://installera2.realization.com/ConWeb/ProjectManagement/GnattView/Gantt/static/js/main.49adaff3.js:1
